2026-03-25 00:08:30,502 [INFO] collector: ▶ Collecting [CO] Colombia – SECOP II (https://apiocds.colombiacompra.gov.co) …
2026-03-25 00:08:31,177 [WARNING] src.ocds_api: Server 502 on https://apiocds.colombiacompra.gov.co/releases (attempt 1)
2026-03-25 00:08:33,331 [WARNING] src.ocds_api: Server 502 on https://apiocds.colombiacompra.gov.co/releases (attempt 2)
2026-03-25 00:08:37,488 [WARNING] src.ocds_api: Server 502 on https://apiocds.colombiacompra.gov.co/releases (attempt 3)
2026-03-25 00:08:45,490 [ERROR] src.ocds_api: Exhausted 3 retries for https://apiocds.colombiacompra.gov.co/releases
2026-03-25 00:08:45,491 [INFO] collector: ✔ [colombia_secop2] done — seen 0 releases, stored 0 new tenders (total in DB: 0)
2026-03-25 00:08:45,493 [INFO] collector: ═══ Collection complete: 0 new tenders ═══
2026-03-31 19:09:29,919 [INFO] collector_bico: Test result: {'ok': True, 'tenders_on_first_page': 1, 'title': 'Каталог тендеров | Бесплатный поиск тендеров и закупок', 'error': ''}
2026-03-31 19:10:05,900 [INFO] collector_bico: Loaded 59 keywords for search
2026-03-31 19:10:05,903 [INFO] bicotender: ━━━ Keyword 1/59: 'регистрация IMEI' ━━━
2026-03-31 19:10:05,903 [INFO] bicotender: ▶ BicoTender: начинаем сбор (query='регистрация IMEI', max_pages=3, details=False)
2026-03-31 19:10:05,904 [INFO] bicotender:   Page 1: https://www.bicotender.ru/catalog/?sort=date_published&order=desc&search=%D1%80%D0%B5%D0%B3%D0%B8%D1%81%D1%82%D1%80%D0%B0%D1%86%D0%B8%D1%8F+IMEI
2026-03-31 19:10:09,090 [INFO] bicotender:   Page 1: parsed 1 tenders (total: 1)
2026-03-31 19:10:12,108 [INFO] bicotender:   Page 2: https://www.bicotender.ru/catalog/?sort=date_published&order=desc&search=%D1%80%D0%B5%D0%B3%D0%B8%D1%81%D1%82%D1%80%D0%B0%D1%86%D0%B8%D1%8F+IMEI&page=2
2026-03-31 19:10:15,822 [INFO] bicotender:   Page 2: parsed 1 tenders (total: 2)
2026-03-31 19:10:18,837 [INFO] bicotender:   Page 3: https://www.bicotender.ru/catalog/?sort=date_published&order=desc&search=%D1%80%D0%B5%D0%B3%D0%B8%D1%81%D1%82%D1%80%D0%B0%D1%86%D0%B8%D1%8F+IMEI&page=3
2026-03-31 19:10:21,872 [INFO] bicotender:   Page 3: parsed 1 tenders (total: 3)
2026-03-31 19:10:24,884 [INFO] bicotender: ✔ BicoTender: done — 3 pages, 3 tenders
2026-03-31 19:10:30,890 [INFO] bicotender: ━━━ Keyword 2/59: 'база IMEI' ━━━
2026-03-31 19:10:30,891 [INFO] bicotender: ▶ BicoTender: начинаем сбор (query='база IMEI', max_pages=3, details=False)
2026-03-31 19:10:30,891 [INFO] bicotender:   Page 1: https://www.bicotender.ru/catalog/?sort=date_published&order=desc&search=%D0%B1%D0%B0%D0%B7%D0%B0+IMEI
2026-03-31 19:10:33,766 [INFO] bicotender:   Page 1: parsed 1 tenders (total: 1)
2026-03-31 19:10:36,780 [INFO] bicotender:   Page 2: https://www.bicotender.ru/catalog/?sort=date_published&order=desc&search=%D0%B1%D0%B0%D0%B7%D0%B0+IMEI&page=2
2026-03-31 19:10:39,974 [INFO] bicotender:   Page 2: parsed 1 tenders (total: 2)
2026-03-31 19:10:42,989 [INFO] bicotender:   Page 3: https://www.bicotender.ru/catalog/?sort=date_published&order=desc&search=%D0%B1%D0%B0%D0%B7%D0%B0+IMEI&page=3
2026-03-31 19:10:46,553 [INFO] bicotender:   Page 3: parsed 1 tenders (total: 3)
2026-03-31 19:10:49,568 [INFO] bicotender: ✔ BicoTender: done — 3 pages, 3 tenders
2026-03-31 19:10:55,569 [INFO] bicotender: ━━━ Keyword 3/59: 'создание системы CEIR' ━━━
2026-03-31 19:10:55,570 [INFO] bicotender: ▶ BicoTender: начинаем сбор (query='создание системы CEIR', max_pages=3, details=False)
2026-03-31 19:10:55,570 [INFO] bicotender:   Page 1: https://www.bicotender.ru/catalog/?sort=date_published&order=desc&search=%D1%81%D0%BE%D0%B7%D0%B4%D0%B0%D0%BD%D0%B8%D0%B5+%D1%81%D0%B8%D1%81%D1%82%D0%B5%D0%BC%D1%8B+CEIR
2026-03-31 19:10:58,885 [INFO] bicotender:   Page 1: parsed 1 tenders (total: 1)
2026-03-31 19:11:01,900 [INFO] bicotender:   Page 2: https://www.bicotender.ru/catalog/?sort=date_published&order=desc&search=%D1%81%D0%BE%D0%B7%D0%B4%D0%B0%D0%BD%D0%B8%D0%B5+%D1%81%D0%B8%D1%81%D1%82%D0%B5%D0%BC%D1%8B+CEIR&page=2
2026-03-31 19:11:04,829 [INFO] bicotender:   Page 2: parsed 1 tenders (total: 2)
2026-03-31 19:11:07,844 [INFO] bicotender:   Page 3: https://www.bicotender.ru/catalog/?sort=date_published&order=desc&search=%D1%81%D0%BE%D0%B7%D0%B4%D0%B0%D0%BD%D0%B8%D0%B5+%D1%81%D0%B8%D1%81%D1%82%D0%B5%D0%BC%D1%8B+CEIR&page=3
2026-03-31 19:11:10,875 [INFO] bicotender:   Page 3: parsed 1 tenders (total: 3)
2026-03-31 19:11:13,887 [INFO] bicotender: ✔ BicoTender: done — 3 pages, 3 tenders
2026-03-31 19:11:19,893 [INFO] bicotender: ━━━ Keyword 4/59: 'модернизация EIR' ━━━
2026-03-31 19:11:19,894 [INFO] bicotender: ▶ BicoTender: начинаем сбор (query='модернизация EIR', max_pages=3, details=False)
2026-03-31 19:11:19,895 [INFO] bicotender:   Page 1: https://www.bicotender.ru/catalog/?sort=date_published&order=desc&search=%D0%BC%D0%BE%D0%B4%D0%B5%D1%80%D0%BD%D0%B8%D0%B7%D0%B0%D1%86%D0%B8%D1%8F+EIR
2026-03-31 19:11:22,711 [INFO] bicotender:   Page 1: parsed 1 tenders (total: 1)
2026-03-31 19:11:25,726 [INFO] bicotender:   Page 2: https://www.bicotender.ru/catalog/?sort=date_published&order=desc&search=%D0%BC%D0%BE%D0%B4%D0%B5%D1%80%D0%BD%D0%B8%D0%B7%D0%B0%D1%86%D0%B8%D1%8F+EIR&page=2
2026-03-31 19:11:28,796 [INFO] bicotender:   Page 2: parsed 1 tenders (total: 2)
2026-03-31 19:11:31,810 [INFO] bicotender:   Page 3: https://www.bicotender.ru/catalog/?sort=date_published&order=desc&search=%D0%BC%D0%BE%D0%B4%D0%B5%D1%80%D0%BD%D0%B8%D0%B7%D0%B0%D1%86%D0%B8%D1%8F+EIR&page=3
2026-03-31 19:11:34,823 [INFO] bicotender:   Page 3: parsed 1 tenders (total: 3)
2026-03-31 19:11:37,838 [INFO] bicotender: ✔ BicoTender: done — 3 pages, 3 tenders
2026-03-31 19:11:43,841 [INFO] bicotender: ━━━ Keyword 5/59: 'система контроля IMEI' ━━━
2026-03-31 19:11:43,843 [INFO] bicotender: ▶ BicoTender: начинаем сбор (query='система контроля IMEI', max_pages=3, details=False)
2026-03-31 19:11:43,843 [INFO] bicotender:   Page 1: https://www.bicotender.ru/catalog/?sort=date_published&order=desc&search=%D1%81%D0%B8%D1%81%D1%82%D0%B5%D0%BC%D0%B0+%D0%BA%D0%BE%D0%BD%D1%82%D1%80%D0%BE%D0%BB%D1%8F+IMEI
2026-03-31 19:11:46,778 [INFO] bicotender:   Page 1: parsed 1 tenders (total: 1)
2026-03-31 19:11:49,793 [INFO] bicotender:   Page 2: https://www.bicotender.ru/catalog/?sort=date_published&order=desc&search=%D1%81%D0%B8%D1%81%D1%82%D0%B5%D0%BC%D0%B0+%D0%BA%D0%BE%D0%BD%D1%82%D1%80%D0%BE%D0%BB%D1%8F+IMEI&page=2
2026-03-31 19:11:52,809 [INFO] bicotender:   Page 2: parsed 1 tenders (total: 2)
2026-03-31 19:11:55,824 [INFO] bicotender:   Page 3: https://www.bicotender.ru/catalog/?sort=date_published&order=desc&search=%D1%81%D0%B8%D1%81%D1%82%D0%B5%D0%BC%D0%B0+%D0%BA%D0%BE%D0%BD%D1%82%D1%80%D0%BE%D0%BB%D1%8F+IMEI&page=3
2026-03-31 19:11:59,603 [INFO] bicotender:   Page 3: parsed 1 tenders (total: 3)
2026-03-31 19:12:02,617 [INFO] bicotender: ✔ BicoTender: done — 3 pages, 3 tenders
2026-03-31 19:12:08,622 [INFO] bicotender: ━━━ Keyword 6/59: 'регистрация абонентских устройств' ━━━
2026-03-31 19:12:08,623 [INFO] bicotender: ▶ BicoTender: начинаем сбор (query='регистрация абонентских устройств', max_pages=3, details=False)
2026-03-31 19:12:08,624 [INFO] bicotender:   Page 1: https://www.bicotender.ru/catalog/?sort=date_published&order=desc&search=%D1%80%D0%B5%D0%B3%D0%B8%D1%81%D1%82%D1%80%D0%B0%D1%86%D0%B8%D1%8F+%D0%B0%D0%B1%D0%BE%D0%BD%D0%B5%D0%BD%D1%82%D1%81%D0%BA%D0%B8%D1%85+%D1%83%D1%81%D1%82%D1%80%D0%BE%D0%B9%D1%81%D1%82%D0%B2
2026-03-31 19:12:11,900 [INFO] bicotender:   Page 1: parsed 1 tenders (total: 1)
2026-03-31 19:12:14,914 [INFO] bicotender:   Page 2: https://www.bicotender.ru/catalog/?sort=date_published&order=desc&search=%D1%80%D0%B5%D0%B3%D0%B8%D1%81%D1%82%D1%80%D0%B0%D1%86%D0%B8%D1%8F+%D0%B0%D0%B1%D0%BE%D0%BD%D0%B5%D0%BD%D1%82%D1%81%D0%BA%D0%B8%D1%85+%D1%83%D1%81%D1%82%D1%80%D0%BE%D0%B9%D1%81%D1%82%D0%B2&page=2
2026-03-31 19:12:18,233 [INFO] bicotender:   Page 2: parsed 1 tenders (total: 2)
2026-03-31 19:12:21,248 [INFO] bicotender:   Page 3: https://www.bicotender.ru/catalog/?sort=date_published&order=desc&search=%D1%80%D0%B5%D0%B3%D0%B8%D1%81%D1%82%D1%80%D0%B0%D1%86%D0%B8%D1%8F+%D0%B0%D0%B1%D0%BE%D0%BD%D0%B5%D0%BD%D1%82%D1%81%D0%BA%D0%B8%D1%85+%D1%83%D1%81%D1%82%D1%80%D0%BE%D0%B9%D1%81%D1%82%D0%B2&page=3
2026-03-31 19:12:24,597 [INFO] bicotender:   Page 3: parsed 1 tenders (total: 3)
2026-03-31 19:12:27,611 [INFO] bicotender: ✔ BicoTender: done — 3 pages, 3 tenders
2026-03-31 19:12:33,617 [INFO] bicotender: ━━━ Keyword 7/59: 'борьба с серым импортом устройств' ━━━
2026-03-31 19:12:33,617 [INFO] bicotender: ▶ BicoTender: начинаем сбор (query='борьба с серым импортом устройств', max_pages=3, details=False)
2026-03-31 19:12:33,617 [INFO] bicotender:   Page 1: https://www.bicotender.ru/catalog/?sort=date_published&order=desc&search=%D0%B1%D0%BE%D1%80%D1%8C%D0%B1%D0%B0+%D1%81+%D1%81%D0%B5%D1%80%D1%8B%D0%BC+%D0%B8%D0%BC%D0%BF%D0%BE%D1%80%D1%82%D0%BE%D0%BC+%D1%83%D1%81%D1%82%D1%80%D0%BE%D0%B9%D1%81%D1%82%D0%B2
2026-03-31 19:12:36,605 [INFO] bicotender:   Page 1: parsed 1 tenders (total: 1)
2026-03-31 19:12:39,620 [INFO] bicotender:   Page 2: https://www.bicotender.ru/catalog/?sort=date_published&order=desc&search=%D0%B1%D0%BE%D1%80%D1%8C%D0%B1%D0%B0+%D1%81+%D1%81%D0%B5%D1%80%D1%8B%D0%BC+%D0%B8%D0%BC%D0%BF%D0%BE%D1%80%D1%82%D0%BE%D0%BC+%D1%83%D1%81%D1%82%D1%80%D0%BE%D0%B9%D1%81%D1%82%D0%B2&page=2
2026-03-31 19:12:43,052 [INFO] bicotender:   Page 2: parsed 1 tenders (total: 2)
2026-03-31 19:12:46,067 [INFO] bicotender:   Page 3: https://www.bicotender.ru/catalog/?sort=date_published&order=desc&search=%D0%B1%D0%BE%D1%80%D1%8C%D0%B1%D0%B0+%D1%81+%D1%81%D0%B5%D1%80%D1%8B%D0%BC+%D0%B8%D0%BC%D0%BF%D0%BE%D1%80%D1%82%D0%BE%D0%BC+%D1%83%D1%81%D1%82%D1%80%D0%BE%D0%B9%D1%81%D1%82%D0%B2&page=3
2026-03-31 19:12:49,086 [INFO] bicotender:   Page 3: parsed 1 tenders (total: 3)
2026-03-31 19:12:52,101 [INFO] bicotender: ✔ BicoTender: done — 3 pages, 3 tenders
2026-03-31 19:12:58,106 [INFO] bicotender: ━━━ Keyword 8/59: 'поставка платформы контроля абонентского оборудования' ━━━
2026-03-31 19:12:58,106 [INFO] bicotender: ▶ BicoTender: начинаем сбор (query='поставка платформы контроля абонентского оборудования', max_pages=3, details=False)
2026-03-31 19:12:58,106 [INFO] bicotender:   Page 1: https://www.bicotender.ru/catalog/?sort=date_published&order=desc&search=%D0%BF%D0%BE%D1%81%D1%82%D0%B0%D0%B2%D0%BA%D0%B0+%D0%BF%D0%BB%D0%B0%D1%82%D1%84%D0%BE%D1%80%D0%BC%D1%8B+%D0%BA%D0%BE%D0%BD%D1%82%D1%80%D0%BE%D0%BB%D1%8F+%D0%B0%D0%B1%D0%BE%D0%BD%D0%B5%D0%BD%D1%82%D1%81%D0%BA%D0%BE%D0%B3%D0%BE+%D0%BE%D0%B1%D0%BE%D1%80%D1%83%D0%B4%D0%BE%D0%B2%D0%B0%D0%BD%D0%B8%D1%8F
2026-03-31 19:13:01,440 [INFO] bicotender:   Page 1: parsed 1 tenders (total: 1)
2026-03-31 19:13:04,456 [INFO] bicotender:   Page 2: https://www.bicotender.ru/catalog/?sort=date_published&order=desc&search=%D0%BF%D0%BE%D1%81%D1%82%D0%B0%D0%B2%D0%BA%D0%B0+%D0%BF%D0%BB%D0%B0%D1%82%D1%84%D0%BE%D1%80%D0%BC%D1%8B+%D0%BA%D0%BE%D0%BD%D1%82%D1%80%D0%BE%D0%BB%D1%8F+%D0%B0%D0%B1%D0%BE%D0%BD%D0%B5%D0%BD%D1%82%D1%81%D0%BA%D0%BE%D0%B3%D0%BE+%D0%BE%D0%B1%D0%BE%D1%80%D1%83%D0%B4%D0%BE%D0%B2%D0%B0%D0%BD%D0%B8%D1%8F&page=2
2026-03-31 19:13:07,479 [INFO] bicotender:   Page 2: parsed 1 tenders (total: 2)
2026-03-31 19:13:10,493 [INFO] bicotender:   Page 3: https://www.bicotender.ru/catalog/?sort=date_published&order=desc&search=%D0%BF%D0%BE%D1%81%D1%82%D0%B0%D0%B2%D0%BA%D0%B0+%D0%BF%D0%BB%D0%B0%D1%82%D1%84%D0%BE%D1%80%D0%BC%D1%8B+%D0%BA%D0%BE%D0%BD%D1%82%D1%80%D0%BE%D0%BB%D1%8F+%D0%B0%D0%B1%D0%BE%D0%BD%D0%B5%D0%BD%D1%82%D1%81%D0%BA%D0%BE%D0%B3%D0%BE+%D0%BE%D0%B1%D0%BE%D1%80%D1%83%D0%B4%D0%BE%D0%B2%D0%B0%D0%BD%D0%B8%D1%8F&page=3
2026-03-31 19:13:13,930 [INFO] bicotender:   Page 3: parsed 1 tenders (total: 3)
2026-03-31 19:13:16,945 [INFO] bicotender: ✔ BicoTender: done — 3 pages, 3 tenders
2026-03-31 19:13:22,947 [INFO] bicotender: ━━━ Keyword 9/59: 'контроль мобильных устройств' ━━━
2026-03-31 19:13:22,949 [INFO] bicotender: ▶ BicoTender: начинаем сбор (query='контроль мобильных устройств', max_pages=3, details=False)
2026-03-31 19:13:22,949 [INFO] bicotender:   Page 1: https://www.bicotender.ru/catalog/?sort=date_published&order=desc&search=%D0%BA%D0%BE%D0%BD%D1%82%D1%80%D0%BE%D0%BB%D1%8C+%D0%BC%D0%BE%D0%B1%D0%B8%D0%BB%D1%8C%D0%BD%D1%8B%D1%85+%D1%83%D1%81%D1%82%D1%80%D0%BE%D0%B9%D1%81%D1%82%D0%B2
2026-03-31 19:13:26,868 [INFO] bicotender:   Page 1: parsed 1 tenders (total: 1)
2026-03-31 19:13:29,882 [INFO] bicotender:   Page 2: https://www.bicotender.ru/catalog/?sort=date_published&order=desc&search=%D0%BA%D0%BE%D0%BD%D1%82%D1%80%D0%BE%D0%BB%D1%8C+%D0%BC%D0%BE%D0%B1%D0%B8%D0%BB%D1%8C%D0%BD%D1%8B%D1%85+%D1%83%D1%81%D1%82%D1%80%D0%BE%D0%B9%D1%81%D1%82%D0%B2&page=2
2026-03-31 19:13:32,908 [INFO] bicotender:   Page 2: parsed 1 tenders (total: 2)
2026-03-31 19:13:35,923 [INFO] bicotender:   Page 3: https://www.bicotender.ru/catalog/?sort=date_published&order=desc&search=%D0%BA%D0%BE%D0%BD%D1%82%D1%80%D0%BE%D0%BB%D1%8C+%D0%BC%D0%BE%D0%B1%D0%B8%D0%BB%D1%8C%D0%BD%D1%8B%D1%85+%D1%83%D1%81%D1%82%D1%80%D0%BE%D0%B9%D1%81%D1%82%D0%B2&page=3
2026-03-31 19:13:38,929 [INFO] bicotender:   Page 3: parsed 1 tenders (total: 3)
2026-03-31 19:13:41,944 [INFO] bicotender: ✔ BicoTender: done — 3 pages, 3 tenders
2026-03-31 19:13:47,948 [INFO] bicotender: ━━━ Keyword 10/59: 'блокировка нелегальных телефонов' ━━━
2026-03-31 19:13:47,948 [INFO] bicotender: ▶ BicoTender: начинаем сбор (query='блокировка нелегальных телефонов', max_pages=3, details=False)
2026-03-31 19:13:47,948 [INFO] bicotender:   Page 1: https://www.bicotender.ru/catalog/?sort=date_published&order=desc&search=%D0%B1%D0%BB%D0%BE%D0%BA%D0%B8%D1%80%D0%BE%D0%B2%D0%BA%D0%B0+%D0%BD%D0%B5%D0%BB%D0%B5%D0%B3%D0%B0%D0%BB%D1%8C%D0%BD%D1%8B%D1%85+%D1%82%D0%B5%D0%BB%D0%B5%D1%84%D0%BE%D0%BD%D0%BE%D0%B2
2026-03-31 19:13:50,883 [INFO] bicotender:   Page 1: parsed 1 tenders (total: 1)
2026-03-31 19:13:53,898 [INFO] bicotender:   Page 2: https://www.bicotender.ru/catalog/?sort=date_published&order=desc&search=%D0%B1%D0%BB%D0%BE%D0%BA%D0%B8%D1%80%D0%BE%D0%B2%D0%BA%D0%B0+%D0%BD%D0%B5%D0%BB%D0%B5%D0%B3%D0%B0%D0%BB%D1%8C%D0%BD%D1%8B%D1%85+%D1%82%D0%B5%D0%BB%D0%B5%D1%84%D0%BE%D0%BD%D0%BE%D0%B2&page=2
2026-03-31 19:13:56,929 [INFO] bicotender:   Page 2: parsed 1 tenders (total: 2)
2026-03-31 19:13:59,943 [INFO] bicotender:   Page 3: https://www.bicotender.ru/catalog/?sort=date_published&order=desc&search=%D0%B1%D0%BB%D0%BE%D0%BA%D0%B8%D1%80%D0%BE%D0%B2%D0%BA%D0%B0+%D0%BD%D0%B5%D0%BB%D0%B5%D0%B3%D0%B0%D0%BB%D1%8C%D0%BD%D1%8B%D1%85+%D1%82%D0%B5%D0%BB%D0%B5%D1%84%D0%BE%D0%BD%D0%BE%D0%B2&page=3
2026-03-31 19:14:03,000 [INFO] bicotender:   Page 3: parsed 1 tenders (total: 3)
2026-03-31 19:14:06,014 [INFO] bicotender: ✔ BicoTender: done — 3 pages, 3 tenders
2026-03-31 19:14:12,016 [INFO] bicotender: ━━━ Keyword 11/59: 'блокировка украденных телефонов' ━━━
2026-03-31 19:14:12,016 [INFO] bicotender: ▶ BicoTender: начинаем сбор (query='блокировка украденных телефонов', max_pages=3, details=False)
2026-03-31 19:14:12,017 [INFO] bicotender:   Page 1: https://www.bicotender.ru/catalog/?sort=date_published&order=desc&search=%D0%B1%D0%BB%D0%BE%D0%BA%D0%B8%D1%80%D0%BE%D0%B2%D0%BA%D0%B0+%D1%83%D0%BA%D1%80%D0%B0%D0%B4%D0%B5%D0%BD%D0%BD%D1%8B%D1%85+%D1%82%D0%B5%D0%BB%D0%B5%D1%84%D0%BE%D0%BD%D0%BE%D0%B2
2026-03-31 19:14:14,839 [INFO] bicotender:   Page 1: parsed 1 tenders (total: 1)
2026-03-31 19:14:17,854 [INFO] bicotender:   Page 2: https://www.bicotender.ru/catalog/?sort=date_published&order=desc&search=%D0%B1%D0%BB%D0%BE%D0%BA%D0%B8%D1%80%D0%BE%D0%B2%D0%BA%D0%B0+%D1%83%D0%BA%D1%80%D0%B0%D0%B4%D0%B5%D0%BD%D0%BD%D1%8B%D1%85+%D1%82%D0%B5%D0%BB%D0%B5%D1%84%D0%BE%D0%BD%D0%BE%D0%B2&page=2
2026-03-31 19:14:21,214 [INFO] bicotender:   Page 2: parsed 1 tenders (total: 2)
2026-03-31 19:14:24,229 [INFO] bicotender:   Page 3: https://www.bicotender.ru/catalog/?sort=date_published&order=desc&search=%D0%B1%D0%BB%D0%BE%D0%BA%D0%B8%D1%80%D0%BE%D0%B2%D0%BA%D0%B0+%D1%83%D0%BA%D1%80%D0%B0%D0%B4%D0%B5%D0%BD%D0%BD%D1%8B%D1%85+%D1%82%D0%B5%D0%BB%D0%B5%D1%84%D0%BE%D0%BD%D0%BE%D0%B2&page=3
2026-03-31 19:14:27,284 [INFO] bicotender:   Page 3: parsed 1 tenders (total: 3)
2026-03-31 19:14:30,299 [INFO] bicotender: ✔ BicoTender: done — 3 pages, 3 tenders
2026-03-31 19:14:36,304 [INFO] bicotender: ━━━ Keyword 12/59: 'учет мобильных устройств' ━━━
2026-03-31 19:14:36,306 [INFO] bicotender: ▶ BicoTender: начинаем сбор (query='учет мобильных устройств', max_pages=3, details=False)
2026-03-31 19:14:36,306 [INFO] bicotender:   Page 1: https://www.bicotender.ru/catalog/?sort=date_published&order=desc&search=%D1%83%D1%87%D0%B5%D1%82+%D0%BC%D0%BE%D0%B1%D0%B8%D0%BB%D1%8C%D0%BD%D1%8B%D1%85+%D1%83%D1%81%D1%82%D1%80%D0%BE%D0%B9%D1%81%D1%82%D0%B2
2026-03-31 19:14:39,176 [INFO] bicotender:   Page 1: parsed 1 tenders (total: 1)
2026-03-31 19:14:42,191 [INFO] bicotender:   Page 2: https://www.bicotender.ru/catalog/?sort=date_published&order=desc&search=%D1%83%D1%87%D0%B5%D1%82+%D0%BC%D0%BE%D0%B1%D0%B8%D0%BB%D1%8C%D0%BD%D1%8B%D1%85+%D1%83%D1%81%D1%82%D1%80%D0%BE%D0%B9%D1%81%D1%82%D0%B2&page=2
2026-03-31 19:14:45,690 [INFO] bicotender:   Page 2: parsed 1 tenders (total: 2)
2026-03-31 19:14:48,705 [INFO] bicotender:   Page 3: https://www.bicotender.ru/catalog/?sort=date_published&order=desc&search=%D1%83%D1%87%D0%B5%D1%82+%D0%BC%D0%BE%D0%B1%D0%B8%D0%BB%D1%8C%D0%BD%D1%8B%D1%85+%D1%83%D1%81%D1%82%D1%80%D0%BE%D0%B9%D1%81%D1%82%D0%B2&page=3
2026-03-31 19:14:51,704 [INFO] bicotender:   Page 3: parsed 1 tenders (total: 3)
2026-03-31 19:14:54,719 [INFO] bicotender: ✔ BicoTender: done — 3 pages, 3 tenders
2026-03-31 19:15:00,724 [INFO] bicotender: ━━━ Keyword 13/59: 'аутентификация IMEI' ━━━
2026-03-31 19:15:00,725 [INFO] bicotender: ▶ BicoTender: начинаем сбор (query='аутентификация IMEI', max_pages=3, details=False)
2026-03-31 19:15:00,725 [INFO] bicotender:   Page 1: https://www.bicotender.ru/catalog/?sort=date_published&order=desc&search=%D0%B0%D1%83%D1%82%D0%B5%D0%BD%D1%82%D0%B8%D1%84%D0%B8%D0%BA%D0%B0%D1%86%D0%B8%D1%8F+IMEI
2026-03-31 19:15:03,612 [INFO] bicotender:   Page 1: parsed 1 tenders (total: 1)
2026-03-31 19:15:06,626 [INFO] bicotender:   Page 2: https://www.bicotender.ru/catalog/?sort=date_published&order=desc&search=%D0%B0%D1%83%D1%82%D0%B5%D0%BD%D1%82%D0%B8%D1%84%D0%B8%D0%BA%D0%B0%D1%86%D0%B8%D1%8F+IMEI&page=2
2026-03-31 19:15:09,658 [INFO] bicotender:   Page 2: parsed 1 tenders (total: 2)
2026-03-31 19:15:12,668 [INFO] bicotender:   Page 3: https://www.bicotender.ru/catalog/?sort=date_published&order=desc&search=%D0%B0%D1%83%D1%82%D0%B5%D0%BD%D1%82%D0%B8%D1%84%D0%B8%D0%BA%D0%B0%D1%86%D0%B8%D1%8F+IMEI&page=3
2026-03-31 19:15:15,650 [INFO] bicotender:   Page 3: parsed 1 tenders (total: 3)
2026-03-31 19:15:18,665 [INFO] bicotender: ✔ BicoTender: done — 3 pages, 3 tenders
2026-03-31 19:15:24,669 [INFO] bicotender: ━━━ Keyword 14/59: 'национальный реестр идентификаторов' ━━━
2026-03-31 19:15:24,670 [INFO] bicotender: ▶ BicoTender: начинаем сбор (query='национальный реестр идентификаторов', max_pages=3, details=False)
2026-03-31 19:15:24,670 [INFO] bicotender:   Page 1: https://www.bicotender.ru/catalog/?sort=date_published&order=desc&search=%D0%BD%D0%B0%D1%86%D0%B8%D0%BE%D0%BD%D0%B0%D0%BB%D1%8C%D0%BD%D1%8B%D0%B9+%D1%80%D0%B5%D0%B5%D1%81%D1%82%D1%80+%D0%B8%D0%B4%D0%B5%D0%BD%D1%82%D0%B8%D1%84%D0%B8%D0%BA%D0%B0%D1%82%D0%BE%D1%80%D0%BE%D0%B2
2026-03-31 19:15:27,552 [INFO] bicotender:   Page 1: parsed 1 tenders (total: 1)
2026-03-31 19:15:30,568 [INFO] bicotender:   Page 2: https://www.bicotender.ru/catalog/?sort=date_published&order=desc&search=%D0%BD%D0%B0%D1%86%D0%B8%D0%BE%D0%BD%D0%B0%D0%BB%D1%8C%D0%BD%D1%8B%D0%B9+%D1%80%D0%B5%D0%B5%D1%81%D1%82%D1%80+%D0%B8%D0%B4%D0%B5%D0%BD%D1%82%D0%B8%D1%84%D0%B8%D0%BA%D0%B0%D1%82%D0%BE%D1%80%D0%BE%D0%B2&page=2
2026-03-31 19:15:33,584 [INFO] bicotender:   Page 2: parsed 1 tenders (total: 2)
2026-03-31 19:15:36,599 [INFO] bicotender:   Page 3: https://www.bicotender.ru/catalog/?sort=date_published&order=desc&search=%D0%BD%D0%B0%D1%86%D0%B8%D0%BE%D0%BD%D0%B0%D0%BB%D1%8C%D0%BD%D1%8B%D0%B9+%D1%80%D0%B5%D0%B5%D1%81%D1%82%D1%80+%D0%B8%D0%B4%D0%B5%D0%BD%D1%82%D0%B8%D1%84%D0%B8%D0%BA%D0%B0%D1%82%D0%BE%D1%80%D0%BE%D0%B2&page=3
2026-03-31 19:15:39,536 [INFO] bicotender:   Page 3: parsed 1 tenders (total: 3)
2026-03-31 19:15:42,551 [INFO] bicotender: ✔ BicoTender: done — 3 pages, 3 tenders
2026-03-31 19:15:48,553 [INFO] bicotender: ━━━ Keyword 15/59: 'национальная система учета устройств' ━━━
2026-03-31 19:15:48,553 [INFO] bicotender: ▶ BicoTender: начинаем сбор (query='национальная система учета устройств', max_pages=3, details=False)
2026-03-31 19:15:48,554 [INFO] bicotender:   Page 1: https://www.bicotender.ru/catalog/?sort=date_published&order=desc&search=%D0%BD%D0%B0%D1%86%D0%B8%D0%BE%D0%BD%D0%B0%D0%BB%D1%8C%D0%BD%D0%B0%D1%8F+%D1%81%D0%B8%D1%81%D1%82%D0%B5%D0%BC%D0%B0+%D1%83%D1%87%D0%B5%D1%82%D0%B0+%D1%83%D1%81%D1%82%D1%80%D0%BE%D0%B9%D1%81%D1%82%D0%B2
2026-03-31 19:15:51,491 [INFO] bicotender:   Page 1: parsed 1 tenders (total: 1)
2026-03-31 19:15:54,509 [INFO] bicotender:   Page 2: https://www.bicotender.ru/catalog/?sort=date_published&order=desc&search=%D0%BD%D0%B0%D1%86%D0%B8%D0%BE%D0%BD%D0%B0%D0%BB%D1%8C%D0%BD%D0%B0%D1%8F+%D1%81%D0%B8%D1%81%D1%82%D0%B5%D0%BC%D0%B0+%D1%83%D1%87%D0%B5%D1%82%D0%B0+%D1%83%D1%81%D1%82%D1%80%D0%BE%D0%B9%D1%81%D1%82%D0%B2&page=2
2026-03-31 19:15:57,947 [INFO] bicotender:   Page 2: parsed 1 tenders (total: 2)
2026-03-31 19:16:00,962 [INFO] bicotender:   Page 3: https://www.bicotender.ru/catalog/?sort=date_published&order=desc&search=%D0%BD%D0%B0%D1%86%D0%B8%D0%BE%D0%BD%D0%B0%D0%BB%D1%8C%D0%BD%D0%B0%D1%8F+%D1%81%D0%B8%D1%81%D1%82%D0%B5%D0%BC%D0%B0+%D1%83%D1%87%D0%B5%D1%82%D0%B0+%D1%83%D1%81%D1%82%D1%80%D0%BE%D0%B9%D1%81%D1%82%D0%B2&page=3
2026-03-31 19:16:04,516 [INFO] bicotender:   Page 3: parsed 1 tenders (total: 3)
2026-03-31 19:16:07,529 [INFO] bicotender: ✔ BicoTender: done — 3 pages, 3 tenders
2026-03-31 19:16:13,534 [INFO] bicotender: ━━━ Keyword 16/59: 'контроль импорта мобильных телефонов' ━━━
2026-03-31 19:16:13,535 [INFO] bicotender: ▶ BicoTender: начинаем сбор (query='контроль импорта мобильных телефонов', max_pages=3, details=False)
2026-03-31 19:16:13,535 [INFO] bicotender:   Page 1: https://www.bicotender.ru/catalog/?sort=date_published&order=desc&search=%D0%BA%D0%BE%D0%BD%D1%82%D1%80%D0%BE%D0%BB%D1%8C+%D0%B8%D0%BC%D0%BF%D0%BE%D1%80%D1%82%D0%B0+%D0%BC%D0%BE%D0%B1%D0%B8%D0%BB%D1%8C%D0%BD%D1%8B%D1%85+%D1%82%D0%B5%D0%BB%D0%B5%D1%84%D0%BE%D0%BD%D0%BE%D0%B2
2026-03-31 19:16:16,469 [INFO] bicotender:   Page 1: parsed 1 tenders (total: 1)
2026-03-31 19:16:19,487 [INFO] bicotender:   Page 2: https://www.bicotender.ru/catalog/?sort=date_published&order=desc&search=%D0%BA%D0%BE%D0%BD%D1%82%D1%80%D0%BE%D0%BB%D1%8C+%D0%B8%D0%BC%D0%BF%D0%BE%D1%80%D1%82%D0%B0+%D0%BC%D0%BE%D0%B1%D0%B8%D0%BB%D1%8C%D0%BD%D1%8B%D1%85+%D1%82%D0%B5%D0%BB%D0%B5%D1%84%D0%BE%D0%BD%D0%BE%D0%B2&page=2
2026-03-31 19:16:22,956 [INFO] bicotender:   Page 2: parsed 1 tenders (total: 2)
2026-03-31 19:16:25,971 [INFO] bicotender:   Page 3: https://www.bicotender.ru/catalog/?sort=date_published&order=desc&search=%D0%BA%D0%BE%D0%BD%D1%82%D1%80%D0%BE%D0%BB%D1%8C+%D0%B8%D0%BC%D0%BF%D0%BE%D1%80%D1%82%D0%B0+%D0%BC%D0%BE%D0%B1%D0%B8%D0%BB%D1%8C%D0%BD%D1%8B%D1%85+%D1%82%D0%B5%D0%BB%D0%B5%D1%84%D0%BE%D0%BD%D0%BE%D0%B2&page=3
2026-03-31 19:16:29,003 [INFO] bicotender:   Page 3: parsed 1 tenders (total: 3)
2026-03-31 19:16:32,018 [INFO] bicotender: ✔ BicoTender: done — 3 pages, 3 tenders
2026-03-31 19:16:38,019 [INFO] bicotender: ━━━ Keyword 17/59: 'контроль импорта устройств' ━━━
2026-03-31 19:16:38,021 [INFO] bicotender: ▶ BicoTender: начинаем сбор (query='контроль импорта устройств', max_pages=3, details=False)
2026-03-31 19:16:38,021 [INFO] bicotender:   Page 1: https://www.bicotender.ru/catalog/?sort=date_published&order=desc&search=%D0%BA%D0%BE%D0%BD%D1%82%D1%80%D0%BE%D0%BB%D1%8C+%D0%B8%D0%BC%D0%BF%D0%BE%D1%80%D1%82%D0%B0+%D1%83%D1%81%D1%82%D1%80%D0%BE%D0%B9%D1%81%D1%82%D0%B2
2026-03-31 19:16:41,603 [INFO] bicotender:   Page 1: parsed 1 tenders (total: 1)
2026-03-31 19:16:44,617 [INFO] bicotender:   Page 2: https://www.bicotender.ru/catalog/?sort=date_published&order=desc&search=%D0%BA%D0%BE%D0%BD%D1%82%D1%80%D0%BE%D0%BB%D1%8C+%D0%B8%D0%BC%D0%BF%D0%BE%D1%80%D1%82%D0%B0+%D1%83%D1%81%D1%82%D1%80%D0%BE%D0%B9%D1%81%D1%82%D0%B2&page=2
2026-03-31 19:16:48,040 [INFO] bicotender:   Page 2: parsed 1 tenders (total: 2)
2026-03-31 19:16:51,055 [INFO] bicotender:   Page 3: https://www.bicotender.ru/catalog/?sort=date_published&order=desc&search=%D0%BA%D0%BE%D0%BD%D1%82%D1%80%D0%BE%D0%BB%D1%8C+%D0%B8%D0%BC%D0%BF%D0%BE%D1%80%D1%82%D0%B0+%D1%83%D1%81%D1%82%D1%80%D0%BE%D0%B9%D1%81%D1%82%D0%B2&page=3
2026-03-31 19:16:54,068 [INFO] bicotender:   Page 3: parsed 1 tenders (total: 3)
2026-03-31 19:16:57,083 [INFO] bicotender: ✔ BicoTender: done — 3 pages, 3 tenders
2026-03-31 19:17:03,088 [INFO] bicotender: ━━━ Keyword 18/59: 'борьба с контрафактом устройств' ━━━
2026-03-31 19:17:03,089 [INFO] bicotender: ▶ BicoTender: начинаем сбор (query='борьба с контрафактом устройств', max_pages=3, details=False)
2026-03-31 19:17:03,090 [INFO] bicotender:   Page 1: https://www.bicotender.ru/catalog/?sort=date_published&order=desc&search=%D0%B1%D0%BE%D1%80%D1%8C%D0%B1%D0%B0+%D1%81+%D0%BA%D0%BE%D0%BD%D1%82%D1%80%D0%B0%D1%84%D0%B0%D0%BA%D1%82%D0%BE%D0%BC+%D1%83%D1%81%D1%82%D1%80%D0%BE%D0%B9%D1%81%D1%82%D0%B2
2026-03-31 19:17:06,188 [INFO] bicotender:   Page 1: parsed 1 tenders (total: 1)
2026-03-31 19:17:09,203 [INFO] bicotender:   Page 2: https://www.bicotender.ru/catalog/?sort=date_published&order=desc&search=%D0%B1%D0%BE%D1%80%D1%8C%D0%B1%D0%B0+%D1%81+%D0%BA%D0%BE%D0%BD%D1%82%D1%80%D0%B0%D1%84%D0%B0%D0%BA%D1%82%D0%BE%D0%BC+%D1%83%D1%81%D1%82%D1%80%D0%BE%D0%B9%D1%81%D1%82%D0%B2&page=2
2026-03-31 19:17:12,814 [INFO] bicotender:   Page 2: parsed 1 tenders (total: 2)
2026-03-31 19:17:15,828 [INFO] bicotender:   Page 3: https://www.bicotender.ru/catalog/?sort=date_published&order=desc&search=%D0%B1%D0%BE%D1%80%D1%8C%D0%B1%D0%B0+%D1%81+%D0%BA%D0%BE%D0%BD%D1%82%D1%80%D0%B0%D1%84%D0%B0%D0%BA%D1%82%D0%BE%D0%BC+%D1%83%D1%81%D1%82%D1%80%D0%BE%D0%B9%D1%81%D1%82%D0%B2&page=3
2026-03-31 19:17:18,815 [INFO] bicotender:   Page 3: parsed 1 tenders (total: 3)
2026-03-31 19:17:21,830 [INFO] bicotender: ✔ BicoTender: done — 3 pages, 3 tenders
2026-03-31 19:17:27,835 [INFO] bicotender: ━━━ Keyword 19/59: 'управление ценностью клиента' ━━━
2026-03-31 19:17:27,836 [INFO] bicotender: ▶ BicoTender: начинаем сбор (query='управление ценностью клиента', max_pages=3, details=False)
2026-03-31 19:17:27,836 [INFO] bicotender:   Page 1: https://www.bicotender.ru/catalog/?sort=date_published&order=desc&search=%D1%83%D0%BF%D1%80%D0%B0%D0%B2%D0%BB%D0%B5%D0%BD%D0%B8%D0%B5+%D1%86%D0%B5%D0%BD%D0%BD%D0%BE%D1%81%D1%82%D1%8C%D1%8E+%D0%BA%D0%BB%D0%B8%D0%B5%D0%BD%D1%82%D0%B0
2026-03-31 19:17:30,763 [INFO] bicotender:   Page 1: parsed 1 tenders (total: 1)
2026-03-31 19:17:33,777 [INFO] bicotender:   Page 2: https://www.bicotender.ru/catalog/?sort=date_published&order=desc&search=%D1%83%D0%BF%D1%80%D0%B0%D0%B2%D0%BB%D0%B5%D0%BD%D0%B8%D0%B5+%D1%86%D0%B5%D0%BD%D0%BD%D0%BE%D1%81%D1%82%D1%8C%D1%8E+%D0%BA%D0%BB%D0%B8%D0%B5%D0%BD%D1%82%D0%B0&page=2
2026-03-31 19:17:36,817 [INFO] bicotender:   Page 2: parsed 1 tenders (total: 2)
2026-03-31 19:17:39,832 [INFO] bicotender:   Page 3: https://www.bicotender.ru/catalog/?sort=date_published&order=desc&search=%D1%83%D0%BF%D1%80%D0%B0%D0%B2%D0%BB%D0%B5%D0%BD%D0%B8%D0%B5+%D1%86%D0%B5%D0%BD%D0%BD%D0%BE%D1%81%D1%82%D1%8C%D1%8E+%D0%BA%D0%BB%D0%B8%D0%B5%D0%BD%D1%82%D0%B0&page=3
2026-03-31 19:17:43,310 [INFO] bicotender:   Page 3: parsed 1 tenders (total: 3)
2026-03-31 19:17:46,328 [INFO] bicotender: ✔ BicoTender: done — 3 pages, 3 tenders
2026-03-31 19:17:52,333 [INFO] bicotender: ━━━ Keyword 20/59: 'управление ценностью абонентов' ━━━
2026-03-31 19:17:52,333 [INFO] bicotender: ▶ BicoTender: начинаем сбор (query='управление ценностью абонентов', max_pages=3, details=False)
2026-03-31 19:17:52,334 [INFO] bicotender:   Page 1: https://www.bicotender.ru/catalog/?sort=date_published&order=desc&search=%D1%83%D0%BF%D1%80%D0%B0%D0%B2%D0%BB%D0%B5%D0%BD%D0%B8%D0%B5+%D1%86%D0%B5%D0%BD%D0%BD%D0%BE%D1%81%D1%82%D1%8C%D1%8E+%D0%B0%D0%B1%D0%BE%D0%BD%D0%B5%D0%BD%D1%82%D0%BE%D0%B2
2026-03-31 19:17:55,715 [INFO] bicotender:   Page 1: parsed 1 tenders (total: 1)
2026-03-31 19:17:58,730 [INFO] bicotender:   Page 2: https://www.bicotender.ru/catalog/?sort=date_published&order=desc&search=%D1%83%D0%BF%D1%80%D0%B0%D0%B2%D0%BB%D0%B5%D0%BD%D0%B8%D0%B5+%D1%86%D0%B5%D0%BD%D0%BD%D0%BE%D1%81%D1%82%D1%8C%D1%8E+%D0%B0%D0%B1%D0%BE%D0%BD%D0%B5%D0%BD%D1%82%D0%BE%D0%B2&page=2
2026-03-31 19:18:01,700 [INFO] bicotender:   Page 2: parsed 1 tenders (total: 2)
2026-03-31 19:18:04,716 [INFO] bicotender:   Page 3: https://www.bicotender.ru/catalog/?sort=date_published&order=desc&search=%D1%83%D0%BF%D1%80%D0%B0%D0%B2%D0%BB%D0%B5%D0%BD%D0%B8%D0%B5+%D1%86%D0%B5%D0%BD%D0%BD%D0%BE%D1%81%D1%82%D1%8C%D1%8E+%D0%B0%D0%B1%D0%BE%D0%BD%D0%B5%D0%BD%D1%82%D0%BE%D0%B2&page=3
2026-03-31 19:18:07,806 [INFO] bicotender:   Page 3: parsed 1 tenders (total: 3)
2026-03-31 19:18:10,820 [INFO] bicotender: ✔ BicoTender: done — 3 pages, 3 tenders
2026-03-31 19:18:16,824 [INFO] bicotender: ━━━ Keyword 21/59: 'маркетинговая платформа' ━━━
2026-03-31 19:18:16,826 [INFO] bicotender: ▶ BicoTender: начинаем сбор (query='маркетинговая платформа', max_pages=3, details=False)
2026-03-31 19:18:16,826 [INFO] bicotender:   Page 1: https://www.bicotender.ru/catalog/?sort=date_published&order=desc&search=%D0%BC%D0%B0%D1%80%D0%BA%D0%B5%D1%82%D0%B8%D0%BD%D0%B3%D0%BE%D0%B2%D0%B0%D1%8F+%D0%BF%D0%BB%D0%B0%D1%82%D1%84%D0%BE%D1%80%D0%BC%D0%B0
2026-03-31 19:18:19,750 [INFO] bicotender:   Page 1: parsed 1 tenders (total: 1)
2026-03-31 19:18:22,760 [INFO] bicotender:   Page 2: https://www.bicotender.ru/catalog/?sort=date_published&order=desc&search=%D0%BC%D0%B0%D1%80%D0%BA%D0%B5%D1%82%D0%B8%D0%BD%D0%B3%D0%BE%D0%B2%D0%B0%D1%8F+%D0%BF%D0%BB%D0%B0%D1%82%D1%84%D0%BE%D1%80%D0%BC%D0%B0&page=2
2026-03-31 19:18:25,831 [INFO] bicotender:   Page 2: parsed 1 tenders (total: 2)
2026-03-31 19:18:28,847 [INFO] bicotender:   Page 3: https://www.bicotender.ru/catalog/?sort=date_published&order=desc&search=%D0%BC%D0%B0%D1%80%D0%BA%D0%B5%D1%82%D0%B8%D0%BD%D0%B3%D0%BE%D0%B2%D0%B0%D1%8F+%D0%BF%D0%BB%D0%B0%D1%82%D1%84%D0%BE%D1%80%D0%BC%D0%B0&page=3
2026-03-31 19:18:31,838 [INFO] bicotender:   Page 3: parsed 1 tenders (total: 3)
2026-03-31 19:18:34,852 [INFO] bicotender: ✔ BicoTender: done — 3 pages, 3 tenders
2026-03-31 19:18:40,858 [INFO] bicotender: ━━━ Keyword 22/59: 'сегментация клиентов' ━━━
2026-03-31 19:18:40,859 [INFO] bicotender: ▶ BicoTender: начинаем сбор (query='сегментация клиентов', max_pages=3, details=False)
2026-03-31 19:18:40,859 [INFO] bicotender:   Page 1: https://www.bicotender.ru/catalog/?sort=date_published&order=desc&search=%D1%81%D0%B5%D0%B3%D0%BC%D0%B5%D0%BD%D1%82%D0%B0%D1%86%D0%B8%D1%8F+%D0%BA%D0%BB%D0%B8%D0%B5%D0%BD%D1%82%D0%BE%D0%B2
2026-03-31 19:18:43,712 [INFO] bicotender:   Page 1: parsed 1 tenders (total: 1)
2026-03-31 19:18:46,728 [INFO] bicotender:   Page 2: https://www.bicotender.ru/catalog/?sort=date_published&order=desc&search=%D1%81%D0%B5%D0%B3%D0%BC%D0%B5%D0%BD%D1%82%D0%B0%D1%86%D0%B8%D1%8F+%D0%BA%D0%BB%D0%B8%D0%B5%D0%BD%D1%82%D0%BE%D0%B2&page=2
2026-03-31 19:18:49,716 [INFO] bicotender:   Page 2: parsed 1 tenders (total: 2)
2026-03-31 19:18:52,731 [INFO] bicotender:   Page 3: https://www.bicotender.ru/catalog/?sort=date_published&order=desc&search=%D1%81%D0%B5%D0%B3%D0%BC%D0%B5%D0%BD%D1%82%D0%B0%D1%86%D0%B8%D1%8F+%D0%BA%D0%BB%D0%B8%D0%B5%D0%BD%D1%82%D0%BE%D0%B2&page=3
2026-03-31 19:18:55,743 [INFO] bicotender:   Page 3: parsed 1 tenders (total: 3)
2026-03-31 19:18:58,762 [INFO] bicotender: ✔ BicoTender: done — 3 pages, 3 tenders
2026-03-31 19:19:04,767 [INFO] bicotender: ━━━ Keyword 23/59: 'персонализация предложений' ━━━
2026-03-31 19:19:04,768 [INFO] bicotender: ▶ BicoTender: начинаем сбор (query='персонализация предложений', max_pages=3, details=False)
2026-03-31 19:19:04,769 [INFO] bicotender:   Page 1: https://www.bicotender.ru/catalog/?sort=date_published&order=desc&search=%D0%BF%D0%B5%D1%80%D1%81%D0%BE%D0%BD%D0%B0%D0%BB%D0%B8%D0%B7%D0%B0%D1%86%D0%B8%D1%8F+%D0%BF%D1%80%D0%B5%D0%B4%D0%BB%D0%BE%D0%B6%D0%B5%D0%BD%D0%B8%D0%B9
2026-03-31 19:19:07,745 [INFO] bicotender:   Page 1: parsed 1 tenders (total: 1)
2026-03-31 19:19:10,758 [INFO] bicotender:   Page 2: https://www.bicotender.ru/catalog/?sort=date_published&order=desc&search=%D0%BF%D0%B5%D1%80%D1%81%D0%BE%D0%BD%D0%B0%D0%BB%D0%B8%D0%B7%D0%B0%D1%86%D0%B8%D1%8F+%D0%BF%D1%80%D0%B5%D0%B4%D0%BB%D0%BE%D0%B6%D0%B5%D0%BD%D0%B8%D0%B9&page=2
2026-03-31 19:19:13,888 [INFO] bicotender:   Page 2: parsed 1 tenders (total: 2)
2026-03-31 19:19:16,903 [INFO] bicotender:   Page 3: https://www.bicotender.ru/catalog/?sort=date_published&order=desc&search=%D0%BF%D0%B5%D1%80%D1%81%D0%BE%D0%BD%D0%B0%D0%BB%D0%B8%D0%B7%D0%B0%D1%86%D0%B8%D1%8F+%D0%BF%D1%80%D0%B5%D0%B4%D0%BB%D0%BE%D0%B6%D0%B5%D0%BD%D0%B8%D0%B9&page=3
2026-03-31 19:19:19,916 [INFO] bicotender:   Page 3: parsed 1 tenders (total: 3)
2026-03-31 19:19:22,930 [INFO] bicotender: ✔ BicoTender: done — 3 pages, 3 tenders
2026-03-31 19:19:28,934 [INFO] bicotender: ━━━ Keyword 24/59: 'триггерные кампании' ━━━
2026-03-31 19:19:28,935 [INFO] bicotender: ▶ BicoTender: начинаем сбор (query='триггерные кампании', max_pages=3, details=False)
2026-03-31 19:19:28,935 [INFO] bicotender:   Page 1: https://www.bicotender.ru/catalog/?sort=date_published&order=desc&search=%D1%82%D1%80%D0%B8%D0%B3%D0%B3%D0%B5%D1%80%D0%BD%D1%8B%D0%B5+%D0%BA%D0%B0%D0%BC%D0%BF%D0%B0%D0%BD%D0%B8%D0%B8
2026-03-31 19:19:31,744 [INFO] bicotender:   Page 1: parsed 1 tenders (total: 1)
2026-03-31 19:19:34,759 [INFO] bicotender:   Page 2: https://www.bicotender.ru/catalog/?sort=date_published&order=desc&search=%D1%82%D1%80%D0%B8%D0%B3%D0%B3%D0%B5%D1%80%D0%BD%D1%8B%D0%B5+%D0%BA%D0%B0%D0%BC%D0%BF%D0%B0%D0%BD%D0%B8%D0%B8&page=2
2026-03-31 19:19:37,720 [INFO] bicotender:   Page 2: parsed 1 tenders (total: 2)
2026-03-31 19:19:40,734 [INFO] bicotender:   Page 3: https://www.bicotender.ru/catalog/?sort=date_published&order=desc&search=%D1%82%D1%80%D0%B8%D0%B3%D0%B3%D0%B5%D1%80%D0%BD%D1%8B%D0%B5+%D0%BA%D0%B0%D0%BC%D0%BF%D0%B0%D0%BD%D0%B8%D0%B8&page=3
2026-03-31 19:19:43,781 [INFO] bicotender:   Page 3: parsed 1 tenders (total: 3)
2026-03-31 19:19:46,796 [INFO] bicotender: ✔ BicoTender: done — 3 pages, 3 tenders
2026-03-31 19:19:52,799 [INFO] bicotender: ━━━ Keyword 25/59: 'CVM-платформа' ━━━
2026-03-31 19:19:52,799 [INFO] bicotender: ▶ BicoTender: начинаем сбор (query='CVM-платформа', max_pages=3, details=False)
2026-03-31 19:19:52,800 [INFO] bicotender:   Page 1: https://www.bicotender.ru/catalog/?sort=date_published&order=desc&search=CVM-%D0%BF%D0%BB%D0%B0%D1%82%D1%84%D0%BE%D1%80%D0%BC%D0%B0
2026-03-31 19:19:55,644 [INFO] bicotender:   Page 1: parsed 1 tenders (total: 1)
2026-03-31 19:19:58,657 [INFO] bicotender:   Page 2: https://www.bicotender.ru/catalog/?sort=date_published&order=desc&search=CVM-%D0%BF%D0%BB%D0%B0%D1%82%D1%84%D0%BE%D1%80%D0%BC%D0%B0&page=2
2026-03-31 19:20:02,009 [INFO] bicotender:   Page 2: parsed 1 tenders (total: 2)
2026-03-31 19:20:05,024 [INFO] bicotender:   Page 3: https://www.bicotender.ru/catalog/?sort=date_published&order=desc&search=CVM-%D0%BF%D0%BB%D0%B0%D1%82%D1%84%D0%BE%D1%80%D0%BC%D0%B0&page=3
2026-03-31 19:20:11,162 [INFO] bicotender:   Page 3: parsed 1 tenders (total: 3)
2026-03-31 19:20:14,177 [INFO] bicotender: ✔ BicoTender: done — 3 pages, 3 tenders
2026-03-31 19:20:20,182 [INFO] bicotender: ━━━ Keyword 26/59: 'маркетинговая автоматизация' ━━━
2026-03-31 19:20:20,184 [INFO] bicotender: ▶ BicoTender: начинаем сбор (query='маркетинговая автоматизация', max_pages=3, details=False)
2026-03-31 19:20:20,184 [INFO] bicotender:   Page 1: https://www.bicotender.ru/catalog/?sort=date_published&order=desc&search=%D0%BC%D0%B0%D1%80%D0%BA%D0%B5%D1%82%D0%B8%D0%BD%D0%B3%D0%BE%D0%B2%D0%B0%D1%8F+%D0%B0%D0%B2%D1%82%D0%BE%D0%BC%D0%B0%D1%82%D0%B8%D0%B7%D0%B0%D1%86%D0%B8%D1%8F
2026-03-31 19:20:23,029 [INFO] bicotender:   Page 1: parsed 1 tenders (total: 1)
2026-03-31 19:20:26,043 [INFO] bicotender:   Page 2: https://www.bicotender.ru/catalog/?sort=date_published&order=desc&search=%D0%BC%D0%B0%D1%80%D0%BA%D0%B5%D1%82%D0%B8%D0%BD%D0%B3%D0%BE%D0%B2%D0%B0%D1%8F+%D0%B0%D0%B2%D1%82%D0%BE%D0%BC%D0%B0%D1%82%D0%B8%D0%B7%D0%B0%D1%86%D0%B8%D1%8F&page=2
2026-03-31 19:20:29,808 [INFO] bicotender:   Page 2: parsed 1 tenders (total: 2)
2026-03-31 19:20:32,823 [INFO] bicotender:   Page 3: https://www.bicotender.ru/catalog/?sort=date_published&order=desc&search=%D0%BC%D0%B0%D1%80%D0%BA%D0%B5%D1%82%D0%B8%D0%BD%D0%B3%D0%BE%D0%B2%D0%B0%D1%8F+%D0%B0%D0%B2%D1%82%D0%BE%D0%BC%D0%B0%D1%82%D0%B8%D0%B7%D0%B0%D1%86%D0%B8%D1%8F&page=3
2026-03-31 19:20:36,377 [INFO] bicotender:   Page 3: parsed 1 tenders (total: 3)
2026-03-31 19:20:39,392 [INFO] bicotender: ✔ BicoTender: done — 3 pages, 3 tenders
2026-03-31 19:20:45,392 [INFO] bicotender: ━━━ Keyword 27/59: 'управление маркетинговыми кампаниями' ━━━
2026-03-31 19:20:45,393 [INFO] bicotender: ▶ BicoTender: начинаем сбор (query='управление маркетинговыми кампаниями', max_pages=3, details=False)
2026-03-31 19:20:45,393 [INFO] bicotender:   Page 1: https://www.bicotender.ru/catalog/?sort=date_published&order=desc&search=%D1%83%D0%BF%D1%80%D0%B0%D0%B2%D0%BB%D0%B5%D0%BD%D0%B8%D0%B5+%D0%BC%D0%B0%D1%80%D0%BA%D0%B5%D1%82%D0%B8%D0%BD%D0%B3%D0%BE%D0%B2%D1%8B%D0%BC%D0%B8+%D0%BA%D0%B0%D0%BC%D0%BF%D0%B0%D0%BD%D0%B8%D1%8F%D0%BC%D0%B8
2026-03-31 19:20:48,329 [INFO] bicotender:   Page 1: parsed 1 tenders (total: 1)
2026-03-31 19:20:51,344 [INFO] bicotender:   Page 2: https://www.bicotender.ru/catalog/?sort=date_published&order=desc&search=%D1%83%D0%BF%D1%80%D0%B0%D0%B2%D0%BB%D0%B5%D0%BD%D0%B8%D0%B5+%D0%BC%D0%B0%D1%80%D0%BA%D0%B5%D1%82%D0%B8%D0%BD%D0%B3%D0%BE%D0%B2%D1%8B%D0%BC%D0%B8+%D0%BA%D0%B0%D0%BC%D0%BF%D0%B0%D0%BD%D0%B8%D1%8F%D0%BC%D0%B8&page=2
2026-03-31 19:20:54,482 [INFO] bicotender:   Page 2: parsed 1 tenders (total: 2)
2026-03-31 19:20:57,496 [INFO] bicotender:   Page 3: https://www.bicotender.ru/catalog/?sort=date_published&order=desc&search=%D1%83%D0%BF%D1%80%D0%B0%D0%B2%D0%BB%D0%B5%D0%BD%D0%B8%D0%B5+%D0%BC%D0%B0%D1%80%D0%BA%D0%B5%D1%82%D0%B8%D0%BD%D0%B3%D0%BE%D0%B2%D1%8B%D0%BC%D0%B8+%D0%BA%D0%B0%D0%BC%D0%BF%D0%B0%D0%BD%D0%B8%D1%8F%D0%BC%D0%B8&page=3
2026-03-31 19:21:00,507 [INFO] bicotender:   Page 3: parsed 1 tenders (total: 3)
2026-03-31 19:21:03,523 [INFO] bicotender: ✔ BicoTender: done — 3 pages, 3 tenders
2026-03-31 19:21:09,530 [INFO] bicotender: ━━━ Keyword 28/59: 'омниканальные коммуникации' ━━━
2026-03-31 19:21:09,531 [INFO] bicotender: ▶ BicoTender: начинаем сбор (query='омниканальные коммуникации', max_pages=3, details=False)
2026-03-31 19:21:09,531 [INFO] bicotender:   Page 1: https://www.bicotender.ru/catalog/?sort=date_published&order=desc&search=%D0%BE%D0%BC%D0%BD%D0%B8%D0%BA%D0%B0%D0%BD%D0%B0%D0%BB%D1%8C%D0%BD%D1%8B%D0%B5+%D0%BA%D0%BE%D0%BC%D0%BC%D1%83%D0%BD%D0%B8%D0%BA%D0%B0%D1%86%D0%B8%D0%B8
2026-03-31 19:21:12,724 [INFO] bicotender:   Page 1: parsed 1 tenders (total: 1)
2026-03-31 19:21:15,740 [INFO] bicotender:   Page 2: https://www.bicotender.ru/catalog/?sort=date_published&order=desc&search=%D0%BE%D0%BC%D0%BD%D0%B8%D0%BA%D0%B0%D0%BD%D0%B0%D0%BB%D1%8C%D0%BD%D1%8B%D0%B5+%D0%BA%D0%BE%D0%BC%D0%BC%D1%83%D0%BD%D0%B8%D0%BA%D0%B0%D1%86%D0%B8%D0%B8&page=2
2026-03-31 19:21:18,805 [INFO] bicotender:   Page 2: parsed 1 tenders (total: 2)
2026-03-31 19:21:21,820 [INFO] bicotender:   Page 3: https://www.bicotender.ru/catalog/?sort=date_published&order=desc&search=%D0%BE%D0%BC%D0%BD%D0%B8%D0%BA%D0%B0%D0%BD%D0%B0%D0%BB%D1%8C%D0%BD%D1%8B%D0%B5+%D0%BA%D0%BE%D0%BC%D0%BC%D1%83%D0%BD%D0%B8%D0%BA%D0%B0%D1%86%D0%B8%D0%B8&page=3
2026-03-31 19:21:25,220 [INFO] bicotender:   Page 3: parsed 1 tenders (total: 3)
2026-03-31 19:21:28,235 [INFO] bicotender: ✔ BicoTender: done — 3 pages, 3 tenders
2026-03-31 19:21:34,238 [INFO] bicotender: ━━━ Keyword 29/59: 'предиктивная аналитика оттока' ━━━
2026-03-31 19:21:34,239 [INFO] bicotender: ▶ BicoTender: начинаем сбор (query='предиктивная аналитика оттока', max_pages=3, details=False)
2026-03-31 19:21:34,240 [INFO] bicotender:   Page 1: https://www.bicotender.ru/catalog/?sort=date_published&order=desc&search=%D0%BF%D1%80%D0%B5%D0%B4%D0%B8%D0%BA%D1%82%D0%B8%D0%B2%D0%BD%D0%B0%D1%8F+%D0%B0%D0%BD%D0%B0%D0%BB%D0%B8%D1%82%D0%B8%D0%BA%D0%B0+%D0%BE%D1%82%D1%82%D0%BE%D0%BA%D0%B0
2026-03-31 19:21:37,181 [INFO] bicotender:   Page 1: parsed 1 tenders (total: 1)
2026-03-31 19:21:40,195 [INFO] bicotender:   Page 2: https://www.bicotender.ru/catalog/?sort=date_published&order=desc&search=%D0%BF%D1%80%D0%B5%D0%B4%D0%B8%D0%BA%D1%82%D0%B8%D0%B2%D0%BD%D0%B0%D1%8F+%D0%B0%D0%BD%D0%B0%D0%BB%D0%B8%D1%82%D0%B8%D0%BA%D0%B0+%D0%BE%D1%82%D1%82%D0%BE%D0%BA%D0%B0&page=2
2026-03-31 19:21:43,959 [INFO] bicotender:   Page 2: parsed 1 tenders (total: 2)
2026-03-31 19:21:46,975 [INFO] bicotender:   Page 3: https://www.bicotender.ru/catalog/?sort=date_published&order=desc&search=%D0%BF%D1%80%D0%B5%D0%B4%D0%B8%D0%BA%D1%82%D0%B8%D0%B2%D0%BD%D0%B0%D1%8F+%D0%B0%D0%BD%D0%B0%D0%BB%D0%B8%D1%82%D0%B8%D0%BA%D0%B0+%D0%BE%D1%82%D1%82%D0%BE%D0%BA%D0%B0&page=3
2026-03-31 19:21:50,386 [INFO] bicotender:   Page 3: parsed 1 tenders (total: 3)
2026-03-31 19:21:53,401 [INFO] bicotender: ✔ BicoTender: done — 3 pages, 3 tenders
2026-03-31 19:21:59,406 [INFO] bicotender: ━━━ Keyword 30/59: 'триггерные рассылки' ━━━
2026-03-31 19:21:59,407 [INFO] bicotender: ▶ BicoTender: начинаем сбор (query='триггерные рассылки', max_pages=3, details=False)
2026-03-31 19:21:59,407 [INFO] bicotender:   Page 1: https://www.bicotender.ru/catalog/?sort=date_published&order=desc&search=%D1%82%D1%80%D0%B8%D0%B3%D0%B3%D0%B5%D1%80%D0%BD%D1%8B%D0%B5+%D1%80%D0%B0%D1%81%D1%81%D1%8B%D0%BB%D0%BA%D0%B8
2026-03-31 19:22:02,260 [INFO] bicotender:   Page 1: parsed 1 tenders (total: 1)
2026-03-31 19:22:05,276 [INFO] bicotender:   Page 2: https://www.bicotender.ru/catalog/?sort=date_published&order=desc&search=%D1%82%D1%80%D0%B8%D0%B3%D0%B3%D0%B5%D1%80%D0%BD%D1%8B%D0%B5+%D1%80%D0%B0%D1%81%D1%81%D1%8B%D0%BB%D0%BA%D0%B8&page=2
2026-03-31 19:22:08,319 [INFO] bicotender:   Page 2: parsed 1 tenders (total: 2)
2026-03-31 19:22:11,333 [INFO] bicotender:   Page 3: https://www.bicotender.ru/catalog/?sort=date_published&order=desc&search=%D1%82%D1%80%D0%B8%D0%B3%D0%B3%D0%B5%D1%80%D0%BD%D1%8B%D0%B5+%D1%80%D0%B0%D1%81%D1%81%D1%8B%D0%BB%D0%BA%D0%B8&page=3
2026-03-31 19:22:14,913 [INFO] bicotender:   Page 3: parsed 1 tenders (total: 3)
2026-03-31 19:22:17,927 [INFO] bicotender: ✔ BicoTender: done — 3 pages, 3 tenders
2026-03-31 19:22:23,934 [INFO] bicotender: ━━━ Keyword 31/59: 'внедрение платформы целевого маркетинга' ━━━
2026-03-31 19:22:23,934 [INFO] bicotender: ▶ BicoTender: начинаем сбор (query='внедрение платформы целевого маркетинга', max_pages=3, details=False)
2026-03-31 19:22:23,934 [INFO] bicotender:   Page 1: https://www.bicotender.ru/catalog/?sort=date_published&order=desc&search=%D0%B2%D0%BD%D0%B5%D0%B4%D1%80%D0%B5%D0%BD%D0%B8%D0%B5+%D0%BF%D0%BB%D0%B0%D1%82%D1%84%D0%BE%D1%80%D0%BC%D1%8B+%D1%86%D0%B5%D0%BB%D0%B5%D0%B2%D0%BE%D0%B3%D0%BE+%D0%BC%D0%B0%D1%80%D0%BA%D0%B5%D1%82%D0%B8%D0%BD%D0%B3%D0%B0
2026-03-31 19:22:26,803 [INFO] bicotender:   Page 1: parsed 1 tenders (total: 1)
2026-03-31 19:22:29,817 [INFO] bicotender:   Page 2: https://www.bicotender.ru/catalog/?sort=date_published&order=desc&search=%D0%B2%D0%BD%D0%B5%D0%B4%D1%80%D0%B5%D0%BD%D0%B8%D0%B5+%D0%BF%D0%BB%D0%B0%D1%82%D1%84%D0%BE%D1%80%D0%BC%D1%8B+%D1%86%D0%B5%D0%BB%D0%B5%D0%B2%D0%BE%D0%B3%D0%BE+%D0%BC%D0%B0%D1%80%D0%BA%D0%B5%D1%82%D0%B8%D0%BD%D0%B3%D0%B0&page=2
2026-03-31 19:22:33,515 [INFO] bicotender:   Page 2: parsed 1 tenders (total: 2)
2026-03-31 19:22:36,530 [INFO] bicotender:   Page 3: https://www.bicotender.ru/catalog/?sort=date_published&order=desc&search=%D0%B2%D0%BD%D0%B5%D0%B4%D1%80%D0%B5%D0%BD%D0%B8%D0%B5+%D0%BF%D0%BB%D0%B0%D1%82%D1%84%D0%BE%D1%80%D0%BC%D1%8B+%D1%86%D0%B5%D0%BB%D0%B5%D0%B2%D0%BE%D0%B3%D0%BE+%D0%BC%D0%B0%D1%80%D0%BA%D0%B5%D1%82%D0%B8%D0%BD%D0%B3%D0%B0&page=3
2026-03-31 19:22:40,278 [INFO] bicotender:   Page 3: parsed 1 tenders (total: 3)
2026-03-31 19:22:43,292 [INFO] bicotender: ✔ BicoTender: done — 3 pages, 3 tenders
2026-03-31 19:22:49,297 [INFO] bicotender: ━━━ Keyword 32/59: 'автоматизация взаимодействия с абонентами' ━━━
2026-03-31 19:22:49,298 [INFO] bicotender: ▶ BicoTender: начинаем сбор (query='автоматизация взаимодействия с абонентами', max_pages=3, details=False)
2026-03-31 19:22:49,298 [INFO] bicotender:   Page 1: https://www.bicotender.ru/catalog/?sort=date_published&order=desc&search=%D0%B0%D0%B2%D1%82%D0%BE%D0%BC%D0%B0%D1%82%D0%B8%D0%B7%D0%B0%D1%86%D0%B8%D1%8F+%D0%B2%D0%B7%D0%B0%D0%B8%D0%BC%D0%BE%D0%B4%D0%B5%D0%B9%D1%81%D1%82%D0%B2%D0%B8%D1%8F+%D1%81+%D0%B0%D0%B1%D0%BE%D0%BD%D0%B5%D0%BD%D1%82%D0%B0%D0%BC%D0%B8
2026-03-31 19:22:52,147 [INFO] bicotender:   Page 1: parsed 1 tenders (total: 1)
2026-03-31 19:22:55,158 [INFO] bicotender:   Page 2: https://www.bicotender.ru/catalog/?sort=date_published&order=desc&search=%D0%B0%D0%B2%D1%82%D0%BE%D0%BC%D0%B0%D1%82%D0%B8%D0%B7%D0%B0%D1%86%D0%B8%D1%8F+%D0%B2%D0%B7%D0%B0%D0%B8%D0%BC%D0%BE%D0%B4%D0%B5%D0%B9%D1%81%D1%82%D0%B2%D0%B8%D1%8F+%D1%81+%D0%B0%D0%B1%D0%BE%D0%BD%D0%B5%D0%BD%D1%82%D0%B0%D0%BC%D0%B8&page=2
2026-03-31 19:22:58,637 [INFO] bicotender:   Page 2: parsed 1 tenders (total: 2)
2026-03-31 19:23:01,658 [INFO] bicotender:   Page 3: https://www.bicotender.ru/catalog/?sort=date_published&order=desc&search=%D0%B0%D0%B2%D1%82%D0%BE%D0%BC%D0%B0%D1%82%D0%B8%D0%B7%D0%B0%D1%86%D0%B8%D1%8F+%D0%B2%D0%B7%D0%B0%D0%B8%D0%BC%D0%BE%D0%B4%D0%B5%D0%B9%D1%81%D1%82%D0%B2%D0%B8%D1%8F+%D1%81+%D0%B0%D0%B1%D0%BE%D0%BD%D0%B5%D0%BD%D1%82%D0%B0%D0%BC%D0%B8&page=3
2026-03-31 19:23:04,624 [INFO] bicotender:   Page 3: parsed 1 tenders (total: 3)
2026-03-31 19:23:07,639 [INFO] bicotender: ✔ BicoTender: done — 3 pages, 3 tenders
2026-03-31 19:23:13,644 [INFO] bicotender: ━━━ Keyword 33/59: 'персонализация клиентского опыта' ━━━
2026-03-31 19:23:13,645 [INFO] bicotender: ▶ BicoTender: начинаем сбор (query='персонализация клиентского опыта', max_pages=3, details=False)
2026-03-31 19:23:13,645 [INFO] bicotender:   Page 1: https://www.bicotender.ru/catalog/?sort=date_published&order=desc&search=%D0%BF%D0%B5%D1%80%D1%81%D0%BE%D0%BD%D0%B0%D0%BB%D0%B8%D0%B7%D0%B0%D1%86%D0%B8%D1%8F+%D0%BA%D0%BB%D0%B8%D0%B5%D0%BD%D1%82%D1%81%D0%BA%D0%BE%D0%B3%D0%BE+%D0%BE%D0%BF%D1%8B%D1%82%D0%B0
2026-03-31 19:23:16,488 [INFO] bicotender:   Page 1: parsed 1 tenders (total: 1)
2026-03-31 19:23:19,502 [INFO] bicotender:   Page 2: https://www.bicotender.ru/catalog/?sort=date_published&order=desc&search=%D0%BF%D0%B5%D1%80%D1%81%D0%BE%D0%BD%D0%B0%D0%BB%D0%B8%D0%B7%D0%B0%D1%86%D0%B8%D1%8F+%D0%BA%D0%BB%D0%B8%D0%B5%D0%BD%D1%82%D1%81%D0%BA%D0%BE%D0%B3%D0%BE+%D0%BE%D0%BF%D1%8B%D1%82%D0%B0&page=2
2026-03-31 19:23:22,491 [INFO] bicotender:   Page 2: parsed 1 tenders (total: 2)
2026-03-31 19:23:25,505 [INFO] bicotender:   Page 3: https://www.bicotender.ru/catalog/?sort=date_published&order=desc&search=%D0%BF%D0%B5%D1%80%D1%81%D0%BE%D0%BD%D0%B0%D0%BB%D0%B8%D0%B7%D0%B0%D1%86%D0%B8%D1%8F+%D0%BA%D0%BB%D0%B8%D0%B5%D0%BD%D1%82%D1%81%D0%BA%D0%BE%D0%B3%D0%BE+%D0%BE%D0%BF%D1%8B%D1%82%D0%B0&page=3
2026-03-31 19:23:28,485 [INFO] bicotender:   Page 3: parsed 1 tenders (total: 3)
2026-03-31 19:23:31,499 [INFO] bicotender: ✔ BicoTender: done — 3 pages, 3 tenders
2026-03-31 19:23:37,501 [INFO] bicotender: ━━━ Keyword 34/59: 'платформа для управления лояльностью' ━━━
2026-03-31 19:23:37,502 [INFO] bicotender: ▶ BicoTender: начинаем сбор (query='платформа для управления лояльностью', max_pages=3, details=False)
2026-03-31 19:23:37,503 [INFO] bicotender:   Page 1: https://www.bicotender.ru/catalog/?sort=date_published&order=desc&search=%D0%BF%D0%BB%D0%B0%D1%82%D1%84%D0%BE%D1%80%D0%BC%D0%B0+%D0%B4%D0%BB%D1%8F+%D1%83%D0%BF%D1%80%D0%B0%D0%B2%D0%BB%D0%B5%D0%BD%D0%B8%D1%8F+%D0%BB%D0%BE%D1%8F%D0%BB%D1%8C%D0%BD%D0%BE%D1%81%D1%82%D1%8C%D1%8E
2026-03-31 19:23:40,410 [INFO] bicotender:   Page 1: parsed 1 tenders (total: 1)
2026-03-31 19:23:43,425 [INFO] bicotender:   Page 2: https://www.bicotender.ru/catalog/?sort=date_published&order=desc&search=%D0%BF%D0%BB%D0%B0%D1%82%D1%84%D0%BE%D1%80%D0%BC%D0%B0+%D0%B4%D0%BB%D1%8F+%D1%83%D0%BF%D1%80%D0%B0%D0%B2%D0%BB%D0%B5%D0%BD%D0%B8%D1%8F+%D0%BB%D0%BE%D1%8F%D0%BB%D1%8C%D0%BD%D0%BE%D1%81%D1%82%D1%8C%D1%8E&page=2
2026-03-31 19:23:46,528 [INFO] bicotender:   Page 2: parsed 1 tenders (total: 2)
2026-03-31 19:23:49,543 [INFO] bicotender:   Page 3: https://www.bicotender.ru/catalog/?sort=date_published&order=desc&search=%D0%BF%D0%BB%D0%B0%D1%82%D1%84%D0%BE%D1%80%D0%BC%D0%B0+%D0%B4%D0%BB%D1%8F+%D1%83%D0%BF%D1%80%D0%B0%D0%B2%D0%BB%D0%B5%D0%BD%D0%B8%D1%8F+%D0%BB%D0%BE%D1%8F%D0%BB%D1%8C%D0%BD%D0%BE%D1%81%D1%82%D1%8C%D1%8E&page=3
2026-03-31 19:23:52,565 [INFO] bicotender:   Page 3: parsed 1 tenders (total: 3)
2026-03-31 19:23:55,578 [INFO] bicotender: ✔ BicoTender: done — 3 pages, 3 tenders
2026-03-31 19:24:01,584 [INFO] bicotender: ━━━ Keyword 35/59: 'платформа для целевого маркетинга' ━━━
2026-03-31 19:24:01,586 [INFO] bicotender: ▶ BicoTender: начинаем сбор (query='платформа для целевого маркетинга', max_pages=3, details=False)
2026-03-31 19:24:01,587 [INFO] bicotender:   Page 1: https://www.bicotender.ru/catalog/?sort=date_published&order=desc&search=%D0%BF%D0%BB%D0%B0%D1%82%D1%84%D0%BE%D1%80%D0%BC%D0%B0+%D0%B4%D0%BB%D1%8F+%D1%86%D0%B5%D0%BB%D0%B5%D0%B2%D0%BE%D0%B3%D0%BE+%D0%BC%D0%B0%D1%80%D0%BA%D0%B5%D1%82%D0%B8%D0%BD%D0%B3%D0%B0
2026-03-31 19:24:04,474 [INFO] bicotender:   Page 1: parsed 1 tenders (total: 1)
2026-03-31 19:24:07,488 [INFO] bicotender:   Page 2: https://www.bicotender.ru/catalog/?sort=date_published&order=desc&search=%D0%BF%D0%BB%D0%B0%D1%82%D1%84%D0%BE%D1%80%D0%BC%D0%B0+%D0%B4%D0%BB%D1%8F+%D1%86%D0%B5%D0%BB%D0%B5%D0%B2%D0%BE%D0%B3%D0%BE+%D0%BC%D0%B0%D1%80%D0%BA%D0%B5%D1%82%D0%B8%D0%BD%D0%B3%D0%B0&page=2
2026-03-31 19:24:10,558 [INFO] bicotender:   Page 2: parsed 1 tenders (total: 2)
2026-03-31 19:24:13,572 [INFO] bicotender:   Page 3: https://www.bicotender.ru/catalog/?sort=date_published&order=desc&search=%D0%BF%D0%BB%D0%B0%D1%82%D1%84%D0%BE%D1%80%D0%BC%D0%B0+%D0%B4%D0%BB%D1%8F+%D1%86%D0%B5%D0%BB%D0%B5%D0%B2%D0%BE%D0%B3%D0%BE+%D0%BC%D0%B0%D1%80%D0%BA%D0%B5%D1%82%D0%B8%D0%BD%D0%B3%D0%B0&page=3
2026-03-31 19:24:16,488 [INFO] bicotender:   Page 3: parsed 1 tenders (total: 3)
2026-03-31 19:24:19,502 [INFO] bicotender: ✔ BicoTender: done — 3 pages, 3 tenders
2026-03-31 19:24:25,504 [INFO] bicotender: ━━━ Keyword 36/59: 'A2P защита' ━━━
2026-03-31 19:24:25,504 [INFO] bicotender: ▶ BicoTender: начинаем сбор (query='A2P защита', max_pages=3, details=False)
2026-03-31 19:24:25,505 [INFO] bicotender:   Page 1: https://www.bicotender.ru/catalog/?sort=date_published&order=desc&search=A2P+%D0%B7%D0%B0%D1%89%D0%B8%D1%82%D0%B0
2026-03-31 19:24:28,836 [INFO] bicotender:   Page 1: parsed 1 tenders (total: 1)
2026-03-31 19:24:31,850 [INFO] bicotender:   Page 2: https://www.bicotender.ru/catalog/?sort=date_published&order=desc&search=A2P+%D0%B7%D0%B0%D1%89%D0%B8%D1%82%D0%B0&page=2
2026-03-31 19:24:35,310 [INFO] bicotender:   Page 2: parsed 1 tenders (total: 2)
2026-03-31 19:24:38,324 [INFO] bicotender:   Page 3: https://www.bicotender.ru/catalog/?sort=date_published&order=desc&search=A2P+%D0%B7%D0%B0%D1%89%D0%B8%D1%82%D0%B0&page=3
2026-03-31 19:24:41,410 [INFO] bicotender:   Page 3: parsed 1 tenders (total: 3)
2026-03-31 19:24:44,425 [INFO] bicotender: ✔ BicoTender: done — 3 pages, 3 tenders
2026-03-31 19:24:50,430 [INFO] bicotender: ━━━ Keyword 37/59: 'антифрод SMS' ━━━
2026-03-31 19:24:50,431 [INFO] bicotender: ▶ BicoTender: начинаем сбор (query='антифрод SMS', max_pages=3, details=False)
2026-03-31 19:24:50,431 [INFO] bicotender:   Page 1: https://www.bicotender.ru/catalog/?sort=date_published&order=desc&search=%D0%B0%D0%BD%D1%82%D0%B8%D1%84%D1%80%D0%BE%D0%B4+SMS
2026-03-31 19:24:53,289 [INFO] bicotender:   Page 1: parsed 1 tenders (total: 1)
2026-03-31 19:24:56,304 [INFO] bicotender:   Page 2: https://www.bicotender.ru/catalog/?sort=date_published&order=desc&search=%D0%B0%D0%BD%D1%82%D0%B8%D1%84%D1%80%D0%BE%D0%B4+SMS&page=2
2026-03-31 19:24:59,450 [INFO] bicotender:   Page 2: parsed 1 tenders (total: 2)
2026-03-31 19:25:02,465 [INFO] bicotender:   Page 3: https://www.bicotender.ru/catalog/?sort=date_published&order=desc&search=%D0%B0%D0%BD%D1%82%D0%B8%D1%84%D1%80%D0%BE%D0%B4+SMS&page=3
2026-03-31 19:25:05,459 [INFO] bicotender:   Page 3: parsed 1 tenders (total: 3)
2026-03-31 19:25:08,474 [INFO] bicotender: ✔ BicoTender: done — 3 pages, 3 tenders
2026-03-31 19:25:14,479 [INFO] bicotender: ━━━ Keyword 38/59: 'фильтрация SMS' ━━━
2026-03-31 19:25:14,480 [INFO] bicotender: ▶ BicoTender: начинаем сбор (query='фильтрация SMS', max_pages=3, details=False)
2026-03-31 19:25:14,480 [INFO] bicotender:   Page 1: https://www.bicotender.ru/catalog/?sort=date_published&order=desc&search=%D1%84%D0%B8%D0%BB%D1%8C%D1%82%D1%80%D0%B0%D1%86%D0%B8%D1%8F+SMS
2026-03-31 19:25:17,425 [INFO] bicotender:   Page 1: parsed 1 tenders (total: 1)
2026-03-31 19:25:20,440 [INFO] bicotender:   Page 2: https://www.bicotender.ru/catalog/?sort=date_published&order=desc&search=%D1%84%D0%B8%D0%BB%D1%8C%D1%82%D1%80%D0%B0%D1%86%D0%B8%D1%8F+SMS&page=2
2026-03-31 19:25:23,473 [INFO] bicotender:   Page 2: parsed 1 tenders (total: 2)
2026-03-31 19:25:26,487 [INFO] bicotender:   Page 3: https://www.bicotender.ru/catalog/?sort=date_published&order=desc&search=%D1%84%D0%B8%D0%BB%D1%8C%D1%82%D1%80%D0%B0%D1%86%D0%B8%D1%8F+SMS&page=3
2026-03-31 19:25:29,533 [INFO] bicotender:   Page 3: parsed 1 tenders (total: 3)
2026-03-31 19:25:32,548 [INFO] bicotender: ✔ BicoTender: done — 3 pages, 3 tenders
2026-03-31 19:25:38,553 [INFO] bicotender: ━━━ Keyword 39/59: 'защита SMS трафика' ━━━
2026-03-31 19:25:38,553 [INFO] bicotender: ▶ BicoTender: начинаем сбор (query='защита SMS трафика', max_pages=3, details=False)
2026-03-31 19:25:38,554 [INFO] bicotender:   Page 1: https://www.bicotender.ru/catalog/?sort=date_published&order=desc&search=%D0%B7%D0%B0%D1%89%D0%B8%D1%82%D0%B0+SMS+%D1%82%D1%80%D0%B0%D1%84%D0%B8%D0%BA%D0%B0
2026-03-31 19:25:41,595 [INFO] bicotender:   Page 1: parsed 1 tenders (total: 1)
2026-03-31 19:25:44,610 [INFO] bicotender:   Page 2: https://www.bicotender.ru/catalog/?sort=date_published&order=desc&search=%D0%B7%D0%B0%D1%89%D0%B8%D1%82%D0%B0+SMS+%D1%82%D1%80%D0%B0%D1%84%D0%B8%D0%BA%D0%B0&page=2
2026-03-31 19:25:47,706 [INFO] bicotender:   Page 2: parsed 1 tenders (total: 2)
2026-03-31 19:25:50,720 [INFO] bicotender:   Page 3: https://www.bicotender.ru/catalog/?sort=date_published&order=desc&search=%D0%B7%D0%B0%D1%89%D0%B8%D1%82%D0%B0+SMS+%D1%82%D1%80%D0%B0%D1%84%D0%B8%D0%BA%D0%B0&page=3
2026-03-31 19:25:54,232 [INFO] bicotender:   Page 3: parsed 1 tenders (total: 3)
2026-03-31 19:25:57,246 [INFO] bicotender: ✔ BicoTender: done — 3 pages, 3 tenders
2026-03-31 19:26:03,252 [INFO] bicotender: ━━━ Keyword 40/59: 'защита сигнального трафика' ━━━
2026-03-31 19:26:03,252 [INFO] bicotender: ▶ BicoTender: начинаем сбор (query='защита сигнального трафика', max_pages=3, details=False)
2026-03-31 19:26:03,252 [INFO] bicotender:   Page 1: https://www.bicotender.ru/catalog/?sort=date_published&order=desc&search=%D0%B7%D0%B0%D1%89%D0%B8%D1%82%D0%B0+%D1%81%D0%B8%D0%B3%D0%BD%D0%B0%D0%BB%D1%8C%D0%BD%D0%BE%D0%B3%D0%BE+%D1%82%D1%80%D0%B0%D1%84%D0%B8%D0%BA%D0%B0
2026-03-31 19:26:06,587 [INFO] bicotender:   Page 1: parsed 1 tenders (total: 1)
2026-03-31 19:26:09,602 [INFO] bicotender:   Page 2: https://www.bicotender.ru/catalog/?sort=date_published&order=desc&search=%D0%B7%D0%B0%D1%89%D0%B8%D1%82%D0%B0+%D1%81%D0%B8%D0%B3%D0%BD%D0%B0%D0%BB%D1%8C%D0%BD%D0%BE%D0%B3%D0%BE+%D1%82%D1%80%D0%B0%D1%84%D0%B8%D0%BA%D0%B0&page=2
2026-03-31 19:26:12,581 [INFO] bicotender:   Page 2: parsed 1 tenders (total: 2)
2026-03-31 19:26:15,597 [INFO] bicotender:   Page 3: https://www.bicotender.ru/catalog/?sort=date_published&order=desc&search=%D0%B7%D0%B0%D1%89%D0%B8%D1%82%D0%B0+%D1%81%D0%B8%D0%B3%D0%BD%D0%B0%D0%BB%D1%8C%D0%BD%D0%BE%D0%B3%D0%BE+%D1%82%D1%80%D0%B0%D1%84%D0%B8%D0%BA%D0%B0&page=3
2026-03-31 19:26:18,576 [INFO] bicotender:   Page 3: parsed 1 tenders (total: 3)
2026-03-31 19:26:21,591 [INFO] bicotender: ✔ BicoTender: done — 3 pages, 3 tenders
2026-03-31 19:26:27,597 [INFO] bicotender: ━━━ Keyword 41/59: 'противодействие SMS-фроду' ━━━
2026-03-31 19:26:27,598 [INFO] bicotender: ▶ BicoTender: начинаем сбор (query='противодействие SMS-фроду', max_pages=3, details=False)
2026-03-31 19:26:27,599 [INFO] bicotender:   Page 1: https://www.bicotender.ru/catalog/?sort=date_published&order=desc&search=%D0%BF%D1%80%D0%BE%D1%82%D0%B8%D0%B2%D0%BE%D0%B4%D0%B5%D0%B9%D1%81%D1%82%D0%B2%D0%B8%D0%B5+SMS-%D1%84%D1%80%D0%BE%D0%B4%D1%83
2026-03-31 19:26:30,858 [INFO] bicotender:   Page 1: parsed 1 tenders (total: 1)
2026-03-31 19:26:33,873 [INFO] bicotender:   Page 2: https://www.bicotender.ru/catalog/?sort=date_published&order=desc&search=%D0%BF%D1%80%D0%BE%D1%82%D0%B8%D0%B2%D0%BE%D0%B4%D0%B5%D0%B9%D1%81%D1%82%D0%B2%D0%B8%D0%B5+SMS-%D1%84%D1%80%D0%BE%D0%B4%D1%83&page=2
2026-03-31 19:26:36,824 [INFO] bicotender:   Page 2: parsed 1 tenders (total: 2)
2026-03-31 19:26:39,838 [INFO] bicotender:   Page 3: https://www.bicotender.ru/catalog/?sort=date_published&order=desc&search=%D0%BF%D1%80%D0%BE%D1%82%D0%B8%D0%B2%D0%BE%D0%B4%D0%B5%D0%B9%D1%81%D1%82%D0%B2%D0%B8%D0%B5+SMS-%D1%84%D1%80%D0%BE%D0%B4%D1%83&page=3
2026-03-31 19:26:43,482 [INFO] bicotender:   Page 3: parsed 1 tenders (total: 3)
2026-03-31 19:26:46,496 [INFO] bicotender: ✔ BicoTender: done — 3 pages, 3 tenders
2026-03-31 19:26:52,501 [INFO] bicotender: ━━━ Keyword 42/59: 'SMS антифрод-система' ━━━
2026-03-31 19:26:52,502 [INFO] bicotender: ▶ BicoTender: начинаем сбор (query='SMS антифрод-система', max_pages=3, details=False)
2026-03-31 19:26:52,502 [INFO] bicotender:   Page 1: https://www.bicotender.ru/catalog/?sort=date_published&order=desc&search=SMS+%D0%B0%D0%BD%D1%82%D0%B8%D1%84%D1%80%D0%BE%D0%B4-%D1%81%D0%B8%D1%81%D1%82%D0%B5%D0%BC%D0%B0
2026-03-31 19:26:55,412 [INFO] bicotender:   Page 1: parsed 1 tenders (total: 1)
2026-03-31 19:26:58,426 [INFO] bicotender:   Page 2: https://www.bicotender.ru/catalog/?sort=date_published&order=desc&search=SMS+%D0%B0%D0%BD%D1%82%D0%B8%D1%84%D1%80%D0%BE%D0%B4-%D1%81%D0%B8%D1%81%D1%82%D0%B5%D0%BC%D0%B0&page=2
2026-03-31 19:27:01,364 [INFO] bicotender:   Page 2: parsed 1 tenders (total: 2)
2026-03-31 19:27:04,378 [INFO] bicotender:   Page 3: https://www.bicotender.ru/catalog/?sort=date_published&order=desc&search=SMS+%D0%B0%D0%BD%D1%82%D0%B8%D1%84%D1%80%D0%BE%D0%B4-%D1%81%D0%B8%D1%81%D1%82%D0%B5%D0%BC%D0%B0&page=3
2026-03-31 19:27:07,880 [INFO] bicotender:   Page 3: parsed 1 tenders (total: 3)
2026-03-31 19:27:10,894 [INFO] bicotender: ✔ BicoTender: done — 3 pages, 3 tenders
2026-03-31 19:27:16,897 [INFO] bicotender: ━━━ Keyword 43/59: 'фильтрация SMS трафика' ━━━
2026-03-31 19:27:16,897 [INFO] bicotender: ▶ BicoTender: начинаем сбор (query='фильтрация SMS трафика', max_pages=3, details=False)
2026-03-31 19:27:16,897 [INFO] bicotender:   Page 1: https://www.bicotender.ru/catalog/?sort=date_published&order=desc&search=%D1%84%D0%B8%D0%BB%D1%8C%D1%82%D1%80%D0%B0%D1%86%D0%B8%D1%8F+SMS+%D1%82%D1%80%D0%B0%D1%84%D0%B8%D0%BA%D0%B0
2026-03-31 19:27:19,809 [INFO] bicotender:   Page 1: parsed 1 tenders (total: 1)
2026-03-31 19:27:22,824 [INFO] bicotender:   Page 2: https://www.bicotender.ru/catalog/?sort=date_published&order=desc&search=%D1%84%D0%B8%D0%BB%D1%8C%D1%82%D1%80%D0%B0%D1%86%D0%B8%D1%8F+SMS+%D1%82%D1%80%D0%B0%D1%84%D0%B8%D0%BA%D0%B0&page=2
2026-03-31 19:27:25,751 [INFO] bicotender:   Page 2: parsed 1 tenders (total: 2)
2026-03-31 19:27:28,766 [INFO] bicotender:   Page 3: https://www.bicotender.ru/catalog/?sort=date_published&order=desc&search=%D1%84%D0%B8%D0%BB%D1%8C%D1%82%D1%80%D0%B0%D1%86%D0%B8%D1%8F+SMS+%D1%82%D1%80%D0%B0%D1%84%D0%B8%D0%BA%D0%B0&page=3
2026-03-31 19:27:32,430 [INFO] bicotender:   Page 3: parsed 1 tenders (total: 3)
2026-03-31 19:27:35,444 [INFO] bicotender: ✔ BicoTender: done — 3 pages, 3 tenders
2026-03-31 19:27:41,450 [INFO] bicotender: ━━━ Keyword 44/59: 'монетизация A2P трафика' ━━━
2026-03-31 19:27:41,450 [INFO] bicotender: ▶ BicoTender: начинаем сбор (query='монетизация A2P трафика', max_pages=3, details=False)
2026-03-31 19:27:41,450 [INFO] bicotender:   Page 1: https://www.bicotender.ru/catalog/?sort=date_published&order=desc&search=%D0%BC%D0%BE%D0%BD%D0%B5%D1%82%D0%B8%D0%B7%D0%B0%D1%86%D0%B8%D1%8F+A2P+%D1%82%D1%80%D0%B0%D1%84%D0%B8%D0%BA%D0%B0
2026-03-31 19:27:44,389 [INFO] bicotender:   Page 1: parsed 1 tenders (total: 1)
2026-03-31 19:27:47,404 [INFO] bicotender:   Page 2: https://www.bicotender.ru/catalog/?sort=date_published&order=desc&search=%D0%BC%D0%BE%D0%BD%D0%B5%D1%82%D0%B8%D0%B7%D0%B0%D1%86%D0%B8%D1%8F+A2P+%D1%82%D1%80%D0%B0%D1%84%D0%B8%D0%BA%D0%B0&page=2
2026-03-31 19:27:50,469 [INFO] bicotender:   Page 2: parsed 1 tenders (total: 2)
2026-03-31 19:27:53,484 [INFO] bicotender:   Page 3: https://www.bicotender.ru/catalog/?sort=date_published&order=desc&search=%D0%BC%D0%BE%D0%BD%D0%B5%D1%82%D0%B8%D0%B7%D0%B0%D1%86%D0%B8%D1%8F+A2P+%D1%82%D1%80%D0%B0%D1%84%D0%B8%D0%BA%D0%B0&page=3
2026-03-31 19:27:57,101 [INFO] bicotender:   Page 3: parsed 1 tenders (total: 3)
2026-03-31 19:28:00,115 [INFO] bicotender: ✔ BicoTender: done — 3 pages, 3 tenders
2026-03-31 19:28:06,122 [INFO] bicotender: ━━━ Keyword 45/59: 'блокировка флеш-звонков' ━━━
2026-03-31 19:28:06,122 [INFO] bicotender: ▶ BicoTender: начинаем сбор (query='блокировка флеш-звонков', max_pages=3, details=False)
2026-03-31 19:28:06,122 [INFO] bicotender:   Page 1: https://www.bicotender.ru/catalog/?sort=date_published&order=desc&search=%D0%B1%D0%BB%D0%BE%D0%BA%D0%B8%D1%80%D0%BE%D0%B2%D0%BA%D0%B0+%D1%84%D0%BB%D0%B5%D1%88-%D0%B7%D0%B2%D0%BE%D0%BD%D0%BA%D0%BE%D0%B2
2026-03-31 19:28:09,389 [INFO] bicotender:   Page 1: parsed 1 tenders (total: 1)
2026-03-31 19:28:12,410 [INFO] bicotender:   Page 2: https://www.bicotender.ru/catalog/?sort=date_published&order=desc&search=%D0%B1%D0%BB%D0%BE%D0%BA%D0%B8%D1%80%D0%BE%D0%B2%D0%BA%D0%B0+%D1%84%D0%BB%D0%B5%D1%88-%D0%B7%D0%B2%D0%BE%D0%BD%D0%BA%D0%BE%D0%B2&page=2
2026-03-31 19:28:15,383 [INFO] bicotender:   Page 2: parsed 1 tenders (total: 2)
2026-03-31 19:28:18,401 [INFO] bicotender:   Page 3: https://www.bicotender.ru/catalog/?sort=date_published&order=desc&search=%D0%B1%D0%BB%D0%BE%D0%BA%D0%B8%D1%80%D0%BE%D0%B2%D0%BA%D0%B0+%D1%84%D0%BB%D0%B5%D1%88-%D0%B7%D0%B2%D0%BE%D0%BD%D0%BA%D0%BE%D0%B2&page=3
2026-03-31 19:28:21,384 [INFO] bicotender:   Page 3: parsed 1 tenders (total: 3)
2026-03-31 19:28:24,393 [INFO] bicotender: ✔ BicoTender: done — 3 pages, 3 tenders
2026-03-31 19:28:30,403 [INFO] bicotender: ━━━ Keyword 46/59: 'защита от подмены номера' ━━━
2026-03-31 19:28:30,404 [INFO] bicotender: ▶ BicoTender: начинаем сбор (query='защита от подмены номера', max_pages=3, details=False)
2026-03-31 19:28:30,404 [INFO] bicotender:   Page 1: https://www.bicotender.ru/catalog/?sort=date_published&order=desc&search=%D0%B7%D0%B0%D1%89%D0%B8%D1%82%D0%B0+%D0%BE%D1%82+%D0%BF%D0%BE%D0%B4%D0%BC%D0%B5%D0%BD%D1%8B+%D0%BD%D0%BE%D0%BC%D0%B5%D1%80%D0%B0
2026-03-31 19:28:33,285 [INFO] bicotender:   Page 1: parsed 1 tenders (total: 1)
2026-03-31 19:28:36,304 [INFO] bicotender:   Page 2: https://www.bicotender.ru/catalog/?sort=date_published&order=desc&search=%D0%B7%D0%B0%D1%89%D0%B8%D1%82%D0%B0+%D0%BE%D1%82+%D0%BF%D0%BE%D0%B4%D0%BC%D0%B5%D0%BD%D1%8B+%D0%BD%D0%BE%D0%BC%D0%B5%D1%80%D0%B0&page=2
2026-03-31 19:28:39,292 [INFO] bicotender:   Page 2: parsed 1 tenders (total: 2)
2026-03-31 19:28:42,311 [INFO] bicotender:   Page 3: https://www.bicotender.ru/catalog/?sort=date_published&order=desc&search=%D0%B7%D0%B0%D1%89%D0%B8%D1%82%D0%B0+%D0%BE%D1%82+%D0%BF%D0%BE%D0%B4%D0%BC%D0%B5%D0%BD%D1%8B+%D0%BD%D0%BE%D0%BC%D0%B5%D1%80%D0%B0&page=3
2026-03-31 19:28:45,778 [INFO] bicotender:   Page 3: parsed 1 tenders (total: 3)
2026-03-31 19:28:48,797 [INFO] bicotender: ✔ BicoTender: done — 3 pages, 3 tenders
2026-03-31 19:28:54,800 [INFO] bicotender: ━━━ Keyword 47/59: 'контроль SMS трафика в реальном времени' ━━━
2026-03-31 19:28:54,801 [INFO] bicotender: ▶ BicoTender: начинаем сбор (query='контроль SMS трафика в реальном времени', max_pages=3, details=False)
2026-03-31 19:28:54,801 [INFO] bicotender:   Page 1: https://www.bicotender.ru/catalog/?sort=date_published&order=desc&search=%D0%BA%D0%BE%D0%BD%D1%82%D1%80%D0%BE%D0%BB%D1%8C+SMS+%D1%82%D1%80%D0%B0%D1%84%D0%B8%D0%BA%D0%B0+%D0%B2+%D1%80%D0%B5%D0%B0%D0%BB%D1%8C%D0%BD%D0%BE%D0%BC+%D0%B2%D1%80%D0%B5%D0%BC%D0%B5%D0%BD%D0%B8
2026-03-31 19:28:58,310 [INFO] bicotender:   Page 1: parsed 1 tenders (total: 1)
2026-03-31 19:29:01,330 [INFO] bicotender:   Page 2: https://www.bicotender.ru/catalog/?sort=date_published&order=desc&search=%D0%BA%D0%BE%D0%BD%D1%82%D1%80%D0%BE%D0%BB%D1%8C+SMS+%D1%82%D1%80%D0%B0%D1%84%D0%B8%D0%BA%D0%B0+%D0%B2+%D1%80%D0%B5%D0%B0%D0%BB%D1%8C%D0%BD%D0%BE%D0%BC+%D0%B2%D1%80%D0%B5%D0%BC%D0%B5%D0%BD%D0%B8&page=2
2026-03-31 19:29:04,285 [INFO] bicotender:   Page 2: parsed 1 tenders (total: 2)
2026-03-31 19:29:07,305 [INFO] bicotender:   Page 3: https://www.bicotender.ru/catalog/?sort=date_published&order=desc&search=%D0%BA%D0%BE%D0%BD%D1%82%D1%80%D0%BE%D0%BB%D1%8C+SMS+%D1%82%D1%80%D0%B0%D1%84%D0%B8%D0%BA%D0%B0+%D0%B2+%D1%80%D0%B5%D0%B0%D0%BB%D1%8C%D0%BD%D0%BE%D0%BC+%D0%B2%D1%80%D0%B5%D0%BC%D0%B5%D0%BD%D0%B8&page=3
2026-03-31 19:29:11,200 [INFO] bicotender:   Page 3: parsed 1 tenders (total: 3)
2026-03-31 19:29:14,212 [INFO] bicotender: ✔ BicoTender: done — 3 pages, 3 tenders
2026-03-31 19:29:20,220 [INFO] bicotender: ━━━ Keyword 48/59: 'система защиты от несанкционированных рассылок' ━━━
2026-03-31 19:29:20,221 [INFO] bicotender: ▶ BicoTender: начинаем сбор (query='система защиты от несанкционированных рассылок', max_pages=3, details=False)
2026-03-31 19:29:20,221 [INFO] bicotender:   Page 1: https://www.bicotender.ru/catalog/?sort=date_published&order=desc&search=%D1%81%D0%B8%D1%81%D1%82%D0%B5%D0%BC%D0%B0+%D0%B7%D0%B0%D1%89%D0%B8%D1%82%D1%8B+%D0%BE%D1%82+%D0%BD%D0%B5%D1%81%D0%B0%D0%BD%D0%BA%D1%86%D0%B8%D0%BE%D0%BD%D0%B8%D1%80%D0%BE%D0%B2%D0%B0%D0%BD%D0%BD%D1%8B%D1%85+%D1%80%D0%B0%D1%81%D1%81%D1%8B%D0%BB%D0%BE%D0%BA
2026-03-31 19:29:23,055 [INFO] bicotender:   Page 1: parsed 1 tenders (total: 1)
2026-03-31 19:29:26,075 [INFO] bicotender:   Page 2: https://www.bicotender.ru/catalog/?sort=date_published&order=desc&search=%D1%81%D0%B8%D1%81%D1%82%D0%B5%D0%BC%D0%B0+%D0%B7%D0%B0%D1%89%D0%B8%D1%82%D1%8B+%D0%BE%D1%82+%D0%BD%D0%B5%D1%81%D0%B0%D0%BD%D0%BA%D1%86%D0%B8%D0%BE%D0%BD%D0%B8%D1%80%D0%BE%D0%B2%D0%B0%D0%BD%D0%BD%D1%8B%D1%85+%D1%80%D0%B0%D1%81%D1%81%D1%8B%D0%BB%D0%BE%D0%BA&page=2
2026-03-31 19:29:29,314 [INFO] bicotender:   Page 2: parsed 1 tenders (total: 2)
2026-03-31 19:29:32,333 [INFO] bicotender:   Page 3: https://www.bicotender.ru/catalog/?sort=date_published&order=desc&search=%D1%81%D0%B8%D1%81%D1%82%D0%B5%D0%BC%D0%B0+%D0%B7%D0%B0%D1%89%D0%B8%D1%82%D1%8B+%D0%BE%D1%82+%D0%BD%D0%B5%D1%81%D0%B0%D0%BD%D0%BA%D1%86%D0%B8%D0%BE%D0%BD%D0%B8%D1%80%D0%BE%D0%B2%D0%B0%D0%BD%D0%BD%D1%8B%D1%85+%D1%80%D0%B0%D1%81%D1%81%D1%8B%D0%BB%D0%BE%D0%BA&page=3
2026-03-31 19:29:35,339 [INFO] bicotender:   Page 3: parsed 1 tenders (total: 3)
2026-03-31 19:29:38,358 [INFO] bicotender: ✔ BicoTender: done — 3 pages, 3 tenders
2026-03-31 19:29:44,368 [INFO] bicotender: ━━━ Keyword 49/59: 'мониторинг и управление SMS/Voice трафиком' ━━━
2026-03-31 19:29:44,369 [INFO] bicotender: ▶ BicoTender: начинаем сбор (query='мониторинг и управление SMS/Voice трафиком', max_pages=3, details=False)
2026-03-31 19:29:44,370 [INFO] bicotender:   Page 1: https://www.bicotender.ru/catalog/?sort=date_published&order=desc&search=%D0%BC%D0%BE%D0%BD%D0%B8%D1%82%D0%BE%D1%80%D0%B8%D0%BD%D0%B3+%D0%B8+%D1%83%D0%BF%D1%80%D0%B0%D0%B2%D0%BB%D0%B5%D0%BD%D0%B8%D0%B5+SMS%2FVoice+%D1%82%D1%80%D0%B0%D1%84%D0%B8%D0%BA%D0%BE%D0%BC
2026-03-31 19:29:47,304 [INFO] bicotender:   Page 1: parsed 1 tenders (total: 1)
2026-03-31 19:29:50,323 [INFO] bicotender:   Page 2: https://www.bicotender.ru/catalog/?sort=date_published&order=desc&search=%D0%BC%D0%BE%D0%BD%D0%B8%D1%82%D0%BE%D1%80%D0%B8%D0%BD%D0%B3+%D0%B8+%D1%83%D0%BF%D1%80%D0%B0%D0%B2%D0%BB%D0%B5%D0%BD%D0%B8%D0%B5+SMS%2FVoice+%D1%82%D1%80%D0%B0%D1%84%D0%B8%D0%BA%D0%BE%D0%BC&page=2
2026-03-31 19:29:53,265 [INFO] bicotender:   Page 2: parsed 1 tenders (total: 2)
2026-03-31 19:29:56,284 [INFO] bicotender:   Page 3: https://www.bicotender.ru/catalog/?sort=date_published&order=desc&search=%D0%BC%D0%BE%D0%BD%D0%B8%D1%82%D0%BE%D1%80%D0%B8%D0%BD%D0%B3+%D0%B8+%D1%83%D0%BF%D1%80%D0%B0%D0%B2%D0%BB%D0%B5%D0%BD%D0%B8%D0%B5+SMS%2FVoice+%D1%82%D1%80%D0%B0%D1%84%D0%B8%D0%BA%D0%BE%D0%BC&page=3
2026-03-31 19:29:59,329 [INFO] bicotender:   Page 3: parsed 1 tenders (total: 3)
2026-03-31 19:30:02,348 [INFO] bicotender: ✔ BicoTender: done — 3 pages, 3 tenders
2026-03-31 19:30:08,353 [INFO] bicotender: ━━━ Keyword 50/59: 'защита сети от SMS и Voice фрода' ━━━
2026-03-31 19:30:08,354 [INFO] bicotender: ▶ BicoTender: начинаем сбор (query='защита сети от SMS и Voice фрода', max_pages=3, details=False)
2026-03-31 19:30:08,354 [INFO] bicotender:   Page 1: https://www.bicotender.ru/catalog/?sort=date_published&order=desc&search=%D0%B7%D0%B0%D1%89%D0%B8%D1%82%D0%B0+%D1%81%D0%B5%D1%82%D0%B8+%D0%BE%D1%82+SMS+%D0%B8+Voice+%D1%84%D1%80%D0%BE%D0%B4%D0%B0
2026-03-31 19:30:11,683 [INFO] bicotender:   Page 1: parsed 1 tenders (total: 1)
2026-03-31 19:30:14,702 [INFO] bicotender:   Page 2: https://www.bicotender.ru/catalog/?sort=date_published&order=desc&search=%D0%B7%D0%B0%D1%89%D0%B8%D1%82%D0%B0+%D1%81%D0%B5%D1%82%D0%B8+%D0%BE%D1%82+SMS+%D0%B8+Voice+%D1%84%D1%80%D0%BE%D0%B4%D0%B0&page=2
2026-03-31 19:30:18,048 [INFO] bicotender:   Page 2: parsed 1 tenders (total: 2)
2026-03-31 19:30:21,064 [INFO] bicotender:   Page 3: https://www.bicotender.ru/catalog/?sort=date_published&order=desc&search=%D0%B7%D0%B0%D1%89%D0%B8%D1%82%D0%B0+%D1%81%D0%B5%D1%82%D0%B8+%D0%BE%D1%82+SMS+%D0%B8+Voice+%D1%84%D1%80%D0%BE%D0%B4%D0%B0&page=3
2026-03-31 19:30:24,613 [INFO] bicotender:   Page 3: parsed 1 tenders (total: 3)
2026-03-31 19:30:27,632 [INFO] bicotender: ✔ BicoTender: done — 3 pages, 3 tenders
2026-03-31 19:30:33,638 [INFO] bicotender: ━━━ Keyword 51/59: 'инфраструктура для больших данных' ━━━
2026-03-31 19:30:33,638 [INFO] bicotender: ▶ BicoTender: начинаем сбор (query='инфраструктура для больших данных', max_pages=3, details=False)
2026-03-31 19:30:33,639 [INFO] bicotender:   Page 1: https://www.bicotender.ru/catalog/?sort=date_published&order=desc&search=%D0%B8%D0%BD%D1%84%D1%80%D0%B0%D1%81%D1%82%D1%80%D1%83%D0%BA%D1%82%D1%83%D1%80%D0%B0+%D0%B4%D0%BB%D1%8F+%D0%B1%D0%BE%D0%BB%D1%8C%D1%88%D0%B8%D1%85+%D0%B4%D0%B0%D0%BD%D0%BD%D1%8B%D1%85
2026-03-31 19:30:37,041 [INFO] bicotender:   Page 1: parsed 1 tenders (total: 1)
2026-03-31 19:30:40,060 [INFO] bicotender:   Page 2: https://www.bicotender.ru/catalog/?sort=date_published&order=desc&search=%D0%B8%D0%BD%D1%84%D1%80%D0%B0%D1%81%D1%82%D1%80%D1%83%D0%BA%D1%82%D1%83%D1%80%D0%B0+%D0%B4%D0%BB%D1%8F+%D0%B1%D0%BE%D0%BB%D1%8C%D1%88%D0%B8%D1%85+%D0%B4%D0%B0%D0%BD%D0%BD%D1%8B%D1%85&page=2
2026-03-31 19:30:43,078 [INFO] bicotender:   Page 2: parsed 1 tenders (total: 2)
2026-03-31 19:30:46,098 [INFO] bicotender:   Page 3: https://www.bicotender.ru/catalog/?sort=date_published&order=desc&search=%D0%B8%D0%BD%D1%84%D1%80%D0%B0%D1%81%D1%82%D1%80%D1%83%D0%BA%D1%82%D1%83%D1%80%D0%B0+%D0%B4%D0%BB%D1%8F+%D0%B1%D0%BE%D0%BB%D1%8C%D1%88%D0%B8%D1%85+%D0%B4%D0%B0%D0%BD%D0%BD%D1%8B%D1%85&page=3
2026-03-31 19:30:49,054 [INFO] bicotender:   Page 3: parsed 1 tenders (total: 3)
2026-03-31 19:30:52,073 [INFO] bicotender: ✔ BicoTender: done — 3 pages, 3 tenders
2026-03-31 19:30:58,082 [INFO] bicotender: ━━━ Keyword 52/59: 'искусственный интеллект в телекоме' ━━━
2026-03-31 19:30:58,083 [INFO] bicotender: ▶ BicoTender: начинаем сбор (query='искусственный интеллект в телекоме', max_pages=3, details=False)
2026-03-31 19:30:58,084 [INFO] bicotender:   Page 1: https://www.bicotender.ru/catalog/?sort=date_published&order=desc&search=%D0%B8%D1%81%D0%BA%D1%83%D1%81%D1%81%D1%82%D0%B2%D0%B5%D0%BD%D0%BD%D1%8B%D0%B9+%D0%B8%D0%BD%D1%82%D0%B5%D0%BB%D0%BB%D0%B5%D0%BA%D1%82+%D0%B2+%D1%82%D0%B5%D0%BB%D0%B5%D0%BA%D0%BE%D0%BC%D0%B5
2026-03-31 19:31:00,943 [INFO] bicotender:   Page 1: parsed 1 tenders (total: 1)
2026-03-31 19:31:03,960 [INFO] bicotender:   Page 2: https://www.bicotender.ru/catalog/?sort=date_published&order=desc&search=%D0%B8%D1%81%D0%BA%D1%83%D1%81%D1%81%D1%82%D0%B2%D0%B5%D0%BD%D0%BD%D1%8B%D0%B9+%D0%B8%D0%BD%D1%82%D0%B5%D0%BB%D0%BB%D0%B5%D0%BA%D1%82+%D0%B2+%D1%82%D0%B5%D0%BB%D0%B5%D0%BA%D0%BE%D0%BC%D0%B5&page=2
2026-03-31 19:31:07,014 [INFO] bicotender:   Page 2: parsed 1 tenders (total: 2)
2026-03-31 19:31:10,026 [INFO] bicotender:   Page 3: https://www.bicotender.ru/catalog/?sort=date_published&order=desc&search=%D0%B8%D1%81%D0%BA%D1%83%D1%81%D1%81%D1%82%D0%B2%D0%B5%D0%BD%D0%BD%D1%8B%D0%B9+%D0%B8%D0%BD%D1%82%D0%B5%D0%BB%D0%BB%D0%B5%D0%BA%D1%82+%D0%B2+%D1%82%D0%B5%D0%BB%D0%B5%D0%BA%D0%BE%D0%BC%D0%B5&page=3
2026-03-31 19:31:13,160 [INFO] bicotender:   Page 3: parsed 1 tenders (total: 3)
2026-03-31 19:31:16,180 [INFO] bicotender: ✔ BicoTender: done — 3 pages, 3 tenders
2026-03-31 19:31:22,190 [INFO] bicotender: ━━━ Keyword 53/59: 'предиктивные модели' ━━━
2026-03-31 19:31:22,191 [INFO] bicotender: ▶ BicoTender: начинаем сбор (query='предиктивные модели', max_pages=3, details=False)
2026-03-31 19:31:22,191 [INFO] bicotender:   Page 1: https://www.bicotender.ru/catalog/?sort=date_published&order=desc&search=%D0%BF%D1%80%D0%B5%D0%B4%D0%B8%D0%BA%D1%82%D0%B8%D0%B2%D0%BD%D1%8B%D0%B5+%D0%BC%D0%BE%D0%B4%D0%B5%D0%BB%D0%B8
2026-03-31 19:31:25,099 [INFO] bicotender:   Page 1: parsed 1 tenders (total: 1)
2026-03-31 19:31:28,117 [INFO] bicotender:   Page 2: https://www.bicotender.ru/catalog/?sort=date_published&order=desc&search=%D0%BF%D1%80%D0%B5%D0%B4%D0%B8%D0%BA%D1%82%D0%B8%D0%B2%D0%BD%D1%8B%D0%B5+%D0%BC%D0%BE%D0%B4%D0%B5%D0%BB%D0%B8&page=2
2026-03-31 19:31:31,530 [INFO] bicotender:   Page 2: parsed 1 tenders (total: 2)
2026-03-31 19:31:34,550 [INFO] bicotender:   Page 3: https://www.bicotender.ru/catalog/?sort=date_published&order=desc&search=%D0%BF%D1%80%D0%B5%D0%B4%D0%B8%D0%BA%D1%82%D0%B8%D0%B2%D0%BD%D1%8B%D0%B5+%D0%BC%D0%BE%D0%B4%D0%B5%D0%BB%D0%B8&page=3
2026-03-31 19:31:37,505 [INFO] bicotender:   Page 3: parsed 1 tenders (total: 3)
2026-03-31 19:31:40,524 [INFO] bicotender: ✔ BicoTender: done — 3 pages, 3 tenders
2026-03-31 19:31:46,534 [INFO] bicotender: ━━━ Keyword 54/59: 'профилирование 360' ━━━
2026-03-31 19:31:46,534 [INFO] bicotender: ▶ BicoTender: начинаем сбор (query='профилирование 360', max_pages=3, details=False)
2026-03-31 19:31:46,535 [INFO] bicotender:   Page 1: https://www.bicotender.ru/catalog/?sort=date_published&order=desc&search=%D0%BF%D1%80%D0%BE%D1%84%D0%B8%D0%BB%D0%B8%D1%80%D0%BE%D0%B2%D0%B0%D0%BD%D0%B8%D0%B5+360
2026-03-31 19:31:49,427 [INFO] bicotender:   Page 1: parsed 1 tenders (total: 1)
2026-03-31 19:31:52,447 [INFO] bicotender:   Page 2: https://www.bicotender.ru/catalog/?sort=date_published&order=desc&search=%D0%BF%D1%80%D0%BE%D1%84%D0%B8%D0%BB%D0%B8%D1%80%D0%BE%D0%B2%D0%B0%D0%BD%D0%B8%D0%B5+360&page=2
2026-03-31 19:31:55,811 [INFO] bicotender:   Page 2: parsed 1 tenders (total: 2)
2026-03-31 19:31:58,831 [INFO] bicotender:   Page 3: https://www.bicotender.ru/catalog/?sort=date_published&order=desc&search=%D0%BF%D1%80%D0%BE%D1%84%D0%B8%D0%BB%D0%B8%D1%80%D0%BE%D0%B2%D0%B0%D0%BD%D0%B8%D0%B5+360&page=3
2026-03-31 19:32:02,254 [INFO] bicotender:   Page 3: parsed 1 tenders (total: 3)
2026-03-31 19:32:05,269 [INFO] bicotender: ✔ BicoTender: done — 3 pages, 3 tenders
2026-03-31 19:32:11,276 [INFO] bicotender: ━━━ Keyword 55/59: 'SQL-аналитика на больших объемах' ━━━
2026-03-31 19:32:11,276 [INFO] bicotender: ▶ BicoTender: начинаем сбор (query='SQL-аналитика на больших объемах', max_pages=3, details=False)
2026-03-31 19:32:11,277 [INFO] bicotender:   Page 1: https://www.bicotender.ru/catalog/?sort=date_published&order=desc&search=SQL-%D0%B0%D0%BD%D0%B0%D0%BB%D0%B8%D1%82%D0%B8%D0%BA%D0%B0+%D0%BD%D0%B0+%D0%B1%D0%BE%D0%BB%D1%8C%D1%88%D0%B8%D1%85+%D0%BE%D0%B1%D1%8A%D0%B5%D0%BC%D0%B0%D1%85
2026-03-31 19:32:14,677 [INFO] bicotender:   Page 1: parsed 1 tenders (total: 1)
2026-03-31 19:32:17,696 [INFO] bicotender:   Page 2: https://www.bicotender.ru/catalog/?sort=date_published&order=desc&search=SQL-%D0%B0%D0%BD%D0%B0%D0%BB%D0%B8%D1%82%D0%B8%D0%BA%D0%B0+%D0%BD%D0%B0+%D0%B1%D0%BE%D0%BB%D1%8C%D1%88%D0%B8%D1%85+%D0%BE%D0%B1%D1%8A%D0%B5%D0%BC%D0%B0%D1%85&page=2
2026-03-31 19:32:20,694 [INFO] bicotender:   Page 2: parsed 1 tenders (total: 2)
2026-03-31 19:32:23,713 [INFO] bicotender:   Page 3: https://www.bicotender.ru/catalog/?sort=date_published&order=desc&search=SQL-%D0%B0%D0%BD%D0%B0%D0%BB%D0%B8%D1%82%D0%B8%D0%BA%D0%B0+%D0%BD%D0%B0+%D0%B1%D0%BE%D0%BB%D1%8C%D1%88%D0%B8%D1%85+%D0%BE%D0%B1%D1%8A%D0%B5%D0%BC%D0%B0%D1%85&page=3
2026-03-31 19:32:26,632 [INFO] bicotender:   Page 3: parsed 1 tenders (total: 3)
2026-03-31 19:32:29,651 [INFO] bicotender: ✔ BicoTender: done — 3 pages, 3 tenders
2026-03-31 19:32:35,661 [INFO] bicotender: ━━━ Keyword 56/59: 'кластерные вычисления' ━━━
2026-03-31 19:32:35,661 [INFO] bicotender: ▶ BicoTender: начинаем сбор (query='кластерные вычисления', max_pages=3, details=False)
2026-03-31 19:32:35,661 [INFO] bicotender:   Page 1: https://www.bicotender.ru/catalog/?sort=date_published&order=desc&search=%D0%BA%D0%BB%D0%B0%D1%81%D1%82%D0%B5%D1%80%D0%BD%D1%8B%D0%B5+%D0%B2%D1%8B%D1%87%D0%B8%D1%81%D0%BB%D0%B5%D0%BD%D0%B8%D1%8F
2026-03-31 19:32:38,617 [INFO] bicotender:   Page 1: parsed 1 tenders (total: 1)
2026-03-31 19:32:41,636 [INFO] bicotender:   Page 2: https://www.bicotender.ru/catalog/?sort=date_published&order=desc&search=%D0%BA%D0%BB%D0%B0%D1%81%D1%82%D0%B5%D1%80%D0%BD%D1%8B%D0%B5+%D0%B2%D1%8B%D1%87%D0%B8%D1%81%D0%BB%D0%B5%D0%BD%D0%B8%D1%8F&page=2
2026-03-31 19:32:44,596 [INFO] bicotender:   Page 2: parsed 1 tenders (total: 2)
2026-03-31 19:32:47,614 [INFO] bicotender:   Page 3: https://www.bicotender.ru/catalog/?sort=date_published&order=desc&search=%D0%BA%D0%BB%D0%B0%D1%81%D1%82%D0%B5%D1%80%D0%BD%D1%8B%D0%B5+%D0%B2%D1%8B%D1%87%D0%B8%D1%81%D0%BB%D0%B5%D0%BD%D0%B8%D1%8F&page=3
2026-03-31 19:32:50,607 [INFO] bicotender:   Page 3: parsed 1 tenders (total: 3)
2026-03-31 19:32:53,626 [INFO] bicotender: ✔ BicoTender: done — 3 pages, 3 tenders
2026-03-31 19:32:59,636 [INFO] bicotender: ━━━ Keyword 57/59: 'внедрение моделей прогнозной аналитики' ━━━
2026-03-31 19:32:59,636 [INFO] bicotender: ▶ BicoTender: начинаем сбор (query='внедрение моделей прогнозной аналитики', max_pages=3, details=False)
2026-03-31 19:32:59,637 [INFO] bicotender:   Page 1: https://www.bicotender.ru/catalog/?sort=date_published&order=desc&search=%D0%B2%D0%BD%D0%B5%D0%B4%D1%80%D0%B5%D0%BD%D0%B8%D0%B5+%D0%BC%D0%BE%D0%B4%D0%B5%D0%BB%D0%B5%D0%B9+%D0%BF%D1%80%D0%BE%D0%B3%D0%BD%D0%BE%D0%B7%D0%BD%D0%BE%D0%B9+%D0%B0%D0%BD%D0%B0%D0%BB%D0%B8%D1%82%D0%B8%D0%BA%D0%B8
2026-03-31 19:33:02,536 [INFO] bicotender:   Page 1: parsed 1 tenders (total: 1)
2026-03-31 19:33:05,555 [INFO] bicotender:   Page 2: https://www.bicotender.ru/catalog/?sort=date_published&order=desc&search=%D0%B2%D0%BD%D0%B5%D0%B4%D1%80%D0%B5%D0%BD%D0%B8%D0%B5+%D0%BC%D0%BE%D0%B4%D0%B5%D0%BB%D0%B5%D0%B9+%D0%BF%D1%80%D0%BE%D0%B3%D0%BD%D0%BE%D0%B7%D0%BD%D0%BE%D0%B9+%D0%B0%D0%BD%D0%B0%D0%BB%D0%B8%D1%82%D0%B8%D0%BA%D0%B8&page=2
2026-03-31 19:33:09,311 [INFO] bicotender:   Page 2: parsed 1 tenders (total: 2)
2026-03-31 19:33:12,330 [INFO] bicotender:   Page 3: https://www.bicotender.ru/catalog/?sort=date_published&order=desc&search=%D0%B2%D0%BD%D0%B5%D0%B4%D1%80%D0%B5%D0%BD%D0%B8%D0%B5+%D0%BC%D0%BE%D0%B4%D0%B5%D0%BB%D0%B5%D0%B9+%D0%BF%D1%80%D0%BE%D0%B3%D0%BD%D0%BE%D0%B7%D0%BD%D0%BE%D0%B9+%D0%B0%D0%BD%D0%B0%D0%BB%D0%B8%D1%82%D0%B8%D0%BA%D0%B8&page=3
2026-03-31 19:33:15,284 [INFO] bicotender:   Page 3: parsed 1 tenders (total: 3)
2026-03-31 19:33:18,303 [INFO] bicotender: ✔ BicoTender: done — 3 pages, 3 tenders
2026-03-31 19:33:24,307 [INFO] bicotender: ━━━ Keyword 58/59: 'консалтинг в области дата сайенс' ━━━
2026-03-31 19:33:24,307 [INFO] bicotender: ▶ BicoTender: начинаем сбор (query='консалтинг в области дата сайенс', max_pages=3, details=False)
2026-03-31 19:33:24,308 [INFO] bicotender:   Page 1: https://www.bicotender.ru/catalog/?sort=date_published&order=desc&search=%D0%BA%D0%BE%D0%BD%D1%81%D0%B0%D0%BB%D1%82%D0%B8%D0%BD%D0%B3+%D0%B2+%D0%BE%D0%B1%D0%BB%D0%B0%D1%81%D1%82%D0%B8+%D0%B4%D0%B0%D1%82%D0%B0+%D1%81%D0%B0%D0%B9%D0%B5%D0%BD%D1%81
2026-03-31 19:33:27,592 [INFO] bicotender:   Page 1: parsed 1 tenders (total: 1)
2026-03-31 19:33:30,605 [INFO] bicotender:   Page 2: https://www.bicotender.ru/catalog/?sort=date_published&order=desc&search=%D0%BA%D0%BE%D0%BD%D1%81%D0%B0%D0%BB%D1%82%D0%B8%D0%BD%D0%B3+%D0%B2+%D0%BE%D0%B1%D0%BB%D0%B0%D1%81%D1%82%D0%B8+%D0%B4%D0%B0%D1%82%D0%B0+%D1%81%D0%B0%D0%B9%D0%B5%D0%BD%D1%81&page=2
2026-03-31 19:33:33,608 [INFO] bicotender:   Page 2: parsed 1 tenders (total: 2)
2026-03-31 19:33:36,628 [INFO] bicotender:   Page 3: https://www.bicotender.ru/catalog/?sort=date_published&order=desc&search=%D0%BA%D0%BE%D0%BD%D1%81%D0%B0%D0%BB%D1%82%D0%B8%D0%BD%D0%B3+%D0%B2+%D0%BE%D0%B1%D0%BB%D0%B0%D1%81%D1%82%D0%B8+%D0%B4%D0%B0%D1%82%D0%B0+%D1%81%D0%B0%D0%B9%D0%B5%D0%BD%D1%81&page=3
2026-03-31 19:33:39,647 [INFO] bicotender:   Page 3: parsed 1 tenders (total: 3)
2026-03-31 19:33:42,666 [INFO] bicotender: ✔ BicoTender: done — 3 pages, 3 tenders
2026-03-31 19:33:48,675 [INFO] bicotender: ━━━ Keyword 59/59: 'аналитические ML-модели' ━━━
2026-03-31 19:33:48,675 [INFO] bicotender: ▶ BicoTender: начинаем сбор (query='аналитические ML-модели', max_pages=3, details=False)
2026-03-31 19:33:48,675 [INFO] bicotender:   Page 1: https://www.bicotender.ru/catalog/?sort=date_published&order=desc&search=%D0%B0%D0%BD%D0%B0%D0%BB%D0%B8%D1%82%D0%B8%D1%87%D0%B5%D1%81%D0%BA%D0%B8%D0%B5+ML-%D0%BC%D0%BE%D0%B4%D0%B5%D0%BB%D0%B8
2026-03-31 19:33:52,079 [INFO] bicotender:   Page 1: parsed 1 tenders (total: 1)
2026-03-31 19:33:55,098 [INFO] bicotender:   Page 2: https://www.bicotender.ru/catalog/?sort=date_published&order=desc&search=%D0%B0%D0%BD%D0%B0%D0%BB%D0%B8%D1%82%D0%B8%D1%87%D0%B5%D1%81%D0%BA%D0%B8%D0%B5+ML-%D0%BC%D0%BE%D0%B4%D0%B5%D0%BB%D0%B8&page=2
2026-03-31 19:33:58,116 [INFO] bicotender:   Page 2: parsed 1 tenders (total: 2)
2026-03-31 19:34:01,135 [INFO] bicotender:   Page 3: https://www.bicotender.ru/catalog/?sort=date_published&order=desc&search=%D0%B0%D0%BD%D0%B0%D0%BB%D0%B8%D1%82%D0%B8%D1%87%D0%B5%D1%81%D0%BA%D0%B8%D0%B5+ML-%D0%BC%D0%BE%D0%B4%D0%B5%D0%BB%D0%B8&page=3
2026-03-31 19:34:04,139 [INFO] bicotender:   Page 3: parsed 1 tenders (total: 3)
2026-03-31 19:34:07,158 [INFO] bicotender: ✔ BicoTender: done — 3 pages, 3 tenders
2026-03-31 19:34:13,163 [INFO] bicotender: ═══ Multi-keyword done: 59 keywords, 104 unique tenders ═══
2026-03-31 19:34:13,168 [INFO] collector_bico: ═══ BicoTender collection complete: 104 new tenders (DB total: 104) ═══
2026-04-01 14:07:31,399 [INFO] bicotender: ━━━ Keyword 1/1: 'IMEI' ━━━
2026-04-01 14:07:31,399 [INFO] bicotender: ▶ BicoTender: query='IMEI' max_pages=5 details=False per_page=100
2026-04-01 14:07:31,400 [INFO] bicotender:   📄 Page 1: https://www.bicotender.ru/tender/search/?keywords=IMEI&on_page=100&submit=%D0%BD%D0%B0%D0%B9%D1%82%D0%B8
2026-04-01 14:07:34,527 [INFO] bicotender: Parsed 20 tenders from listing page
2026-04-01 14:07:34,528 [INFO] bicotender:   Page 1: 20 tenders
2026-04-01 14:07:34,558 [INFO] bicotender:   Last page reached (max=1)
2026-04-01 14:07:34,559 [INFO] bicotender: ✔ BicoTender: 1 pages, 20 cards, 0 details, 0 errors
2026-04-01 14:07:40,564 [INFO] bicotender: ═══ Keywords done: 20 unique tenders ═══
2026-04-01 14:07:40,569 [INFO] collector_bico: ═══ BicoTender done: 20 new tenders (DB total: 124) ═══
2026-04-02 00:02:44,276 [INFO] bicotender: ━━━ Keyword 1/1: 'маркетинговая платформа' ━━━
2026-04-02 00:02:44,276 [INFO] bicotender: ▶ BicoTender: query='маркетинговая платформа' max_pages=5 details=False per_page=100
2026-04-02 00:02:44,276 [INFO] bicotender:   📄 Page 1: https://www.bicotender.ru/tender/search/?keywords=%D0%BC%D0%B0%D1%80%D0%BA%D0%B5%D1%82%D0%B8%D0%BD%D0%B3%D0%BE%D0%B2%D0%B0%D1%8F+%D0%BF%D0%BB%D0%B0%D1%82%D1%84%D0%BE%D1%80%D0%BC%D0%B0&on_page=100&submit=%D0%BD%D0%B0%D0%B9%D1%82%D0%B8
2026-04-02 00:02:48,818 [INFO] bicotender: Parsed 20 tenders from listing page
2026-04-02 00:02:48,818 [INFO] bicotender:   Page 1: 20 tenders
2026-04-02 00:02:48,849 [INFO] bicotender:   Last page (max=1)
2026-04-02 00:02:48,849 [INFO] bicotender: ✔ BicoTender: 1 pages, 20 cards, 0 details, 0 errors
2026-04-02 00:02:54,854 [INFO] bicotender: ═══ Keywords done: 20 unique tenders ═══
2026-04-02 00:02:54,858 [INFO] collector_bico: ═══ BicoTender done: 20 new tenders (DB total: 144) ═══
2026-04-09 14:36:13,246 [INFO] bicotender: ━━━ Keyword 1/1: 'маркетинговая платформа' ━━━
2026-04-09 14:36:13,246 [INFO] bicotender: ▶ BicoTender: query='маркетинговая платформа' max_pages=5 details=False per_page=100 strict=True
2026-04-09 14:36:13,246 [INFO] bicotender:   📄 Page 1: https://www.bicotender.ru/tender/search/?keywords=%D0%BC%D0%B0%D1%80%D0%BA%D0%B5%D1%82%D0%B8%D0%BD%D0%B3%D0%BE%D0%B2%D0%B0%D1%8F+%D0%BF%D0%BB%D0%B0%D1
2026-04-09 14:36:16,704 [INFO] bicotender: Parsed 13 tenders from listing page
2026-04-09 14:36:16,704 [INFO] bicotender:   Page 1: 13 tenders
2026-04-09 14:36:16,731 [INFO] bicotender:   Last page (max=1)
2026-04-09 14:36:16,731 [INFO] bicotender: ✔ BicoTender: 1 pages, 13 cards, 0 details, 0 errors
2026-04-09 14:36:22,736 [INFO] bicotender: ═══ Keywords done: 13 unique tenders ═══
2026-04-09 14:36:22,741 [INFO] collector_bico: ═══ BicoTender done: 13 new tenders (DB total: 157) ═══
